I/PackageManager(  829): Package com.google.android.gms checking android.permission.FLASHLIGHT: BasePermission{c2b7724 android.permission.FLASHLIGHT}
I/PackageManager(  829): Package com.google.android.gms granting android.permission.FLASHLIGHT
I/PackageManager(  829): Package com.google.android.gms checking android.permission.PACKAGE_USAGE_STATS: BasePermission{1f53a4d3 android.permission.PACKAGE_USAGE_STATS}
I/PackageManager(  829): Package com.google.android.gms granting android.permission.PACKAGE_USAGE_STATS
I/PackageManager(  829): Package com.google.android.gms checking android.permission.READ_CALENDAR: BasePermission{3d1a977a android.permission.READ_CALENDAR}
I/PackageManager(  829): Package com.google.android.gms granting android.permission.READ_CALENDAR
I/PackageManager(  829): Package com.google.android.gms checking android.permission.RECEIVE_MMS: BasePermission{18418262 android.permission.RECEIVE_MMS}
I/PackageManager(  829): Package com.google.android.gms granting android.permission.RECEIVE_MMS
I/PackageManager(  829): Package com.google.android.gms checking com.google.android.gms.permission.APPINDEXING: BasePermission{36a8ff3 com.google.android.gms.permission.APPINDEXING}
I/PackageManager(  829): Package com.google.android.gms granting com.google.android.gms.permission.APPINDEXING
I/PackageManager(  829): Package com.google.android.gms checking com.google.android.finsky.permission.INSTANT_APP_STATE: BasePermission{352d84b0 com.google.android.finsky.permission.INSTANT_APP_STATE}
I/PackageManager(  829): Package com.google.android.gms granting com.google.android.finsky.permission.INSTANT_APP_STATE
I/PackageManager(  829): Package com.google.android.gms checking android.permission.ACCESS_COARSE_LOCATION: BasePermission{113fe6d1 android.permission.ACCESS_COARSE_LOCATION}
I/PackageManager(  829): Package com.google.android.gms granting android.permission.ACCESS_COARSE_LOCATION
I/PackageManager(  829): Package com.google.android.gms checking android.permission.LOCATION_HARDWARE: BasePermission{452131c android.permission.LOCATION_HARDWARE}
I/PackageManager(  829): Package com.google.android.gms granting android.permission.LOCATION_HARDWARE
I/PackageManager(  829): Package com.google.android.gms checking android.permission.ACCESS_WIFI_STATE: BasePermission{3dde0657 android.permission.ACCESS_WIFI_STATE}
I/PackageManager(  829): Package com.google.android.gms granting android.permission.ACCESS_WIFI_STATE
I/PackageManager(  829): Package com.google.android.gms checking android.permission.CHANGE_WIFI_STATE: BasePermission{28dcfa55 android.permission.CHANGE_WIFI_STATE}
I/PackageManager(  829): Package com.google.android.gms granting android.permission.CHANGE_WIFI_STATE
I/PackageManager(  829): Package com.google.android.gms checking android.permission.GET_APP_OPS_STATS: BasePermission{eb2d645 android.permission.GET_APP_OPS_STATS}
I/PackageManager(  829): Package com.google.android.gms granting android.permission.GET_APP_OPS_STATS
I/PackageManager(  829): Package com.google.android.gms checking android.permission.UPDATE_APP_OPS_STATS: BasePermission{206a9094 android.permission.UPDATE_APP_OPS_STATS}
I/PackageManager(  829): Package com.google.android.gms granting android.permission.UPDATE_APP_OPS_STATS
I/PackageManager(  829): Package com.google.android.gms checking android.permission.PROCESS_OUTGOING_CALLS: BasePermission{2721cdd5 android.permission.PROCESS_OUTGOING_CALLS}
I/PackageManager(  829): Package com.google.android.gms granting android.permission.PROCESS_OUTGOING_CALLS
I/PackageManager(  829): Package com.google.android.gms checking android.permission.SEND_SMS: BasePermission{242c67a5 android.permission.SEND_SMS}
I/PackageManager(  829): Package com.google.android.gms granting android.permission.SEND_SMS
I/PackageManager(  829): Package com.google.android.gms checking android.permission.BLUETOOTH: BasePermission{2d83cde5 android.permission.BLUETOOTH}
I/PackageManager(  829): Package com.google.android.gms granting android.permission.BLUETOOTH
I/PackageManager(  829): Package com.google.android.gms checking android.permission.BLUETOOTH_ADMIN: BasePermission{2df8a0ba android.permission.BLUETOOTH_ADMIN}
I/PackageManager(  829): Package com.google.android.gms granting android.permission.BLUETOOTH_ADMIN
I/PackageManager(  829): Package com.google.android.gms checking android.permission.CAPTURE_AUDIO_HOTWORD: BasePermission{12ef4f29 android.permission.CAPTURE_AUDIO_HOTWORD}
I/PackageManager(  829): Package com.google.android.gms granting android.permission.CAPTURE_AUDIO_HOTWORD
I/PackageManager(  829): Package com.google.android.gms checking com.google.android.googlequicksearchbox.permission.PAUSE_HOTWORD: BasePermission{1cb962ae com.google.android.googlequicksearchbox.permission.PAUSE_HOTWORD}
I/PackageManager(  829): Package com.google.android.gms granting com.google.android.googlequicksearchbox.permission.PAUSE_HOTWORD
I/PackageManager(  829): Package com.google.android.gms checking android.permission.MANAGE_VOICE_KEYPHRASES: BasePermission{3794384f android.permission.MANAGE_VOICE_KEYPHRASES}
I/PackageManager(  829): Package com.google.android.gms granting android.permission.MANAGE_VOICE_KEYPHRASES
I/PackageManager(  829): Package com.google.android.gms checking android.permission.CHANGE_WIFI_MULTICAST_STATE: BasePermission{2f5e3bdc android.permission.CHANGE_WIFI_MULTICAST_STATE}
I/PackageManager(  829): Package com.google.android.gms granting android.permission.CHANGE_WIFI_MULTICAST_STATE
I/PackageManager(  829): Package com.google.android.gms checking com.google.android.gms.auth.cryptauth.permission.KEY_CHANGE: BasePermission{984b4e5 com.google.android.gms.auth.cryptauth.permission.KEY_CHANGE}
I/PackageManager(  829): Package com.google.android.gms granting com.google.android.gms.auth.cryptauth.permission.KEY_CHANGE
I/PackageManager(  829): Package com.google.android.gms checking android.permission.TETHER_PRIVILEGED: null
I/PackageManager(  829): Package com.google.android.gms checking com.google.android.gms.auth.authzen.permission.DEVICE_SYNC_FINISHED: BasePermission{abcfbba com.google.android.gms.auth.authzen.permission.DEVICE_SYNC_FINISHED}
I/PackageManager(  829): Package com.google.android.gms granting com.google.android.gms.auth.authzen.permission.DEVICE_SYNC_FINISHED
I/PackageManager(  829): Package com.google.android.gms checking com.google.android.gms.magictether.permission.CLIENT_TETHERING_PREFERENCE_CHANGED: BasePermission{13060a6b com.google.android.gms.magictether.permission.CLIENT_TETHERING_PREFERENCE_CHANGED}
I/PackageManager(  829): Package com.google.android.gms granting com.google.android.gms.magictether.permission.CLIENT_TETHERING_PREFERENCE_CHANGED
I/PackageManager(  829): Package com.google.android.gms checking com.google.android.gms.magictether.permission.CONNECTED_HOST_CHANGED: BasePermission{2a8139c8 com.google.android.gms.magictether.permission.CONNECTED_HOST_CHANGED}
I/PackageManager(  829): Package com.google.android.gms granting com.google.android.gms.magictether.permission.CONNECTED_HOST_CHANGED
I/PackageManager(  829): Package com.google.android.gms checking com.google.android.gms.magictether.permission.DISABLE_SOFT_AP: BasePermission{3150ba61 com.google.android.gms.magictether.permission.DISABLE_SOFT_AP}
I/PackageManager(  829): Package com.google.android.gms granting com.google.android.gms.magictether.permission.DISABLE_SOFT_AP
I/PackageManager(  829): Package com.google.android.gms checking com.google.android.gms.magictether.permission.SCANNED_DEVICE: BasePermission{202f1986 com.google.android.gms.magictether.permission.SCANNED_DEVICE}
I/PackageManager(  829): Package com.google.android.gms granting com.google.android.gms.magictether.permission.SCANNED_DEVICE
I/PackageManager(  829): Package com.google.android.gms checking android.permission.GET_TASKS: BasePermission{ffb3b7 android.permission.GET_TASKS}
I/PackageManager(  829): Package com.google.android.gms granting android.permission.GET_TASKS
I/PackageManager(  829): Package com.google.android.gms checking android.permission.REAL_GET_TASKS: BasePermission{f2ab146 android.permission.REAL_GET_TASKS}
I/PackageManager(  829): Package com.google.android.gms granting android.permission.REAL_GET_TASKS
I/PackageManager(  829): Package com.google.android.gms checking android.permission.READ_CALL_LOG: BasePermission{384631df android.permission.READ_CALL_LOG}
I/PackageManager(  829): Package com.google.android.gms granting android.permission.READ_CALL_LOG
I/PackageManager(  829): Package com.google.android.gms checking android.permission.READ_SMS: BasePermission{2c9d46c4 android.permission.READ_SMS}
I/PackageManager(  829): Package com.google.android.gms granting android.permission.READ_SMS
I/PackageManager(  829): Package com.google.android.gms checking android.permission.WRITE_CONTACTS: BasePermission{3211d99 android.permission.WRITE_CONTACTS}
I/PackageManager(  829): Package com.google.android.gms granting android.permission.WRITE_CONTACTS
I/PackageManager(  829): Package com.google.android.gms checking android.permission.READ_PROFILE: BasePermission{f9f68c3 android.permission.READ_PROFILE}
I/PackageManager(  829): Package com.google.android.gms granting android.permission.READ_PROFILE
I/PackageManager(  829): Package com.google.android.gms checking android.permission.WRITE_PROFILE: BasePermission{23c1e8f4 android.permission.WRITE_PROFILE}
I/PackageManager(  829): Package com.google.android.gms granting android.permission.WRITE_PROFILE
I/PackageManager(  829): Package com.google.android.gms checking com.google.android.hangouts.START_HANGOUT: BasePermission{1178e247 com.google.android.hangouts.START_HANGOUT}
I/PackageManager(  829): Package com.google.android.gms granting com.google.android.hangouts.START_HANGOUT
I/PackageManager(  829): Package com.google.android.gms checking android.permission.MANAGE_DEVICE_ADMINS: BasePermission{3fc84b0b android.permission.MANAGE_DEVICE_ADMINS}
I/PackageManager(  829): Package com.google.android.gms granting android.permission.MANAGE_DEVICE_ADMINS
I/PackageManager(  829): Package com.google.android.gms checking android.permission.READ_OEM_UNLOCK_STATE: null
I/PackageManager(  829): Package com.google.android.gms checking com.google.android.gms.permission.SAFETY_NET: BasePermission{f542a74 com.google.android.gms.permission.SAFETY_NET}
I/PackageManager(  829): Package com.google.android.gms granting com.google.android.gms.permission.SAFETY_NET
I/PackageManager(  829): Package com.google.android.gms checking android.permission.ACCESS_NETWORK_CONDITIONS: BasePermission{357d9b9d android.permission.ACCESS_NETWORK_CONDITIONS}
I/PackageManager(  829): Package com.google.android.gms granting android.permission.ACCESS_NETWORK_CONDITIONS
I/PackageManager(  829): Package com.google.android.gms checking android.permission.SCORE_NETWORKS: BasePermission{4534812 android.permission.SCORE_NETWORKS}
I/PackageManager(  829): Package com.google.android.gms granting android.permission.SCORE_NETWORKS
I/PackageManager(  829): Package com.google.android.gms checking android.permission.OVERRIDE_WIFI_CONFIG: null
I/PackageManager(  829): Package com.google.android.gms checking android.permission.MODIFY_PHONE_STATE: BasePermission{e9891f8 android.permission.MODIFY_PHONE_STATE}
I/PackageManager(  829): Package com.google.android.gms granting android.permission.MODIFY_PHONE_STATE
I/PackageManager(  829): Package com.google.android.gms checking android.permission.CONTROL_INCALL_EXPERIENCE: BasePermission{3dd9b9ea android.permission.CONTROL_INCALL_EXPERIENCE}
I/PackageManager(  829): Package com.google.android.gms granting android.permission.CONTROL_INCALL_EXPERIENCE
I/PackageManager(  829): Package com.google.android.gms checking android.permission.MANAGE_USB: BasePermission{1f372641 android.permission.MANAGE_USB}
I/PackageManager(  829): Package com.google.android.gms granting android.permission.MANAGE_USB
I/PackageManager(  829): Package com.google.android.gms checking android.permission.CALL_PRIVILEGED: BasePermission{17282e8a android.permission.CALL_PRIVILEGED}
I/PackageManager(  829): Package com.google.android.gms granting android.permission.CALL_PRIVILEGED
I/PackageManager(  829): Package com.google.android.gms checking android.permission.BLUETOOTH_PRIVILEGED: BasePermission{3c18087e android.permission.BLUETOOTH_PRIVILEGED}
I/PackageManager(  829): Package com.google.android.gms granting android.permission.BLUETOOTH_PRIVILEGED
I/PackageManager(  829): Package com.google.android.gms checking android.permission.DISABLE_KEYGUARD: BasePermission{3d20a7ca android.permission.DISABLE_KEYGUARD}
I/PackageManager(  829): Package com.google.android.gms granting android.permission.DISABLE_KEYGUARD
I/PackageManager(  829): Package com.google.android.gms checking android.permission.CALL_PHONE: BasePermission{2c000e86 android.permission.CALL_PHONE}
I/PackageManager(  829): Package com.google.android.gms granting android.permission.CALL_PHONE
I/PackageManager(  829): Package com.google.android.gms checking android.permission.CHANGE_NETWORK_STATE: BasePermission{215a4735 android.permission.CHANGE_NETWORK_STATE}
I/PackageManager(  829): Package com.google.android.gms granting android.permission.CHANGE_NETWORK_STATE
I/PackageManager(  829): Package com.google.android.gms checking android.permission.USER_ACTIVITY: BasePermission{7575be3 android.permission.USER_ACTIVITY}
I/PackageManager(  829): Package com.google.android.gms granting android.permission.USER_ACTIVITY
I/PackageManager(  829): Package com.google.android.gms checking android.permission.MODIFY_AUDIO_ROUTING: BasePermission{32c379e0 android.permission.MODIFY_AUDIO_ROUTING}
I/PackageManager(  829): Package com.google.android.gms granting android.permission.MODIFY_AUDIO_ROUTING
I/PackageManager(  829): Package com.google.android.gms checking com.google.android.finsky.permission.GEARHEAD_SERVICE: BasePermission{f9d5499 com.google.android.finsky.permission.GEARHEAD_SERVICE}
I/PackageManager(  829): Package com.google.android.gms granting com.google.android.finsky.permission.GEARHEAD_SERVICE
I/PackageManager(  829): Package com.google.android.gms checking com.google.android.permission.ACCESSIBILITY_SCAN_SERVICE: null
I/PackageManager(  829): Package com.google.android.gms checking android.permission.START_TASKS_FROM_RECENTS: BasePermission{32f00d66 android.permission.START_TASKS_FROM_RECENTS}
I/PackageManager(  829): Package com.google.android.gms granting android.permission.START_TASKS_FROM_RECENTS
I/PackageManager(  829): Package com.google.android.gms checking android.permission.MANAGE_ACTIVITY_STACKS: BasePermission{342f91c1 android.permission.MANAGE_ACTIVITY_STACKS}
I/PackageManager(  829): Package com.google.android.gms granting android.permission.MANAGE_ACTIVITY_STACKS
I/PackageManager(  829): Package com.google.android.gms checking android.permission.REORDER_TASKS: BasePermission{1954ff07 android.permission.REORDER_TASKS}
I/PackageManager(  829): Package com.google.android.gms granting android.permission.REORDER_TASKS
I/PackageManager(  829): Package com.google.android.gms checking android.permission.ACTIVITY_EMBEDDING: null
I/PackageManager(  829): Package com.google.android.gms checking android.permission.CAPTURE_SECURE_VIDEO_OUTPUT: BasePermission{1d19d35e android.permission.CAPTURE_SECURE_VIDEO_OUTPUT}
I/PackageManager(  829): Package org.codeaurora.btmultisim granting android.permission.BLUETOOTH_ADMIN
I/PackageManager(  829): Package org.codeaurora.btmultisim checking android.permission.MODIFY_AUDIO_SETTINGS: BasePermission{2173347 android.permission.MODIFY_AUDIO_SETTINGS}
I/PackageManager(  829): Package org.codeaurora.btmultisim granting android.permission.MODIFY_AUDIO_SETTINGS
I/PackageManager(  829): Package org.codeaurora.btmultisim checking android.permission.READ_PHONE_STATE: BasePermission{18dfe55b android.permission.READ_PHONE_STATE}
I/PackageManager(  829): Package org.codeaurora.btmultisim granting android.permission.READ_PHONE_STATE
I/PackageManager(  829): Package org.codeaurora.btmultisim checking android.permission.MODIFY_PHONE_STATE: BasePermission{e9891f8 android.permission.MODIFY_PHONE_STATE}
I/PackageManager(  829): Package org.codeaurora.btmultisim granting android.permission.MODIFY_PHONE_STATE
I/PackageManager(  829): Package org.codeaurora.ims checking android.permission.RECEIVE_BOOT_COMPLETED: BasePermission{2adf6dbe android.permission.RECEIVE_BOOT_COMPLETED}
I/PackageManager(  829): Package org.codeaurora.ims granting android.permission.RECEIVE_BOOT_COMPLETED
I/PackageManager(  829): Package org.codeaurora.ims checking android.permission.BROADCAST_STICKY: BasePermission{1d09bd2 android.permission.BROADCAST_STICKY}
I/PackageManager(  829): Package org.codeaurora.ims granting android.permission.BROADCAST_STICKY
I/PackageManager(  829): Package org.codeaurora.ims checking android.permission.CAMERA: BasePermission{1ad6217 android.permission.CAMERA}
I/PackageManager(  829): Package org.codeaurora.ims granting android.permission.CAMERA
I/PackageManager(  829): Package org.codeaurora.ims checking com.qti.permission.DIAG: BasePermission{dbdf2d4 com.qti.permission.DIAG}
I/PackageManager(  829): Package org.codeaurora.ims granting com.qti.permission.DIAG
I/PackageManager(  829): Package com.quicinc.cne.CNEService checking broadcast.cne.permission: BasePermission{1dd52c7d broadcast.cne.permission}
I/PackageManager(  829): Package com.quicinc.cne.CNEService granting broadcast.cne.permission
I/PackageManager(  829): Package com.qualcomm.qti.engineertool.operation checking android.permission.WRITE_SETTINGS: BasePermission{1f52b0f3 android.permission.WRITE_SETTINGS}
I/PackageManager(  829): Package com.qualcomm.qti.engineertool.operation granting android.permission.WRITE_SETTINGS
I/PackageManager(  829): Package com.qualcomm.qti.engineertool.operation checking android.permission.WRITE_SECURE_SETTINGS: BasePermission{171191b0 android.permission.WRITE_SECURE_SETTINGS}
I/PackageManager(  829): Package com.qualcomm.qti.engineertool.operation granting android.permission.WRITE_SECURE_SETTINGS
I/PackageManager(  829): Package com.qualcomm.qti.engineertool.operation checking android.permission.NFC: BasePermission{1db14b6b android.permission.NFC}
I/PackageManager(  829): Package com.qualcomm.qti.engineertool.operation granting android.permission.NFC
I/PackageManager(  829): Package com.android.mms.service checking android.permission.RECEIVE_BOOT_COMPLETED: BasePermission{2adf6dbe android.permission.RECEIVE_BOOT_COMPLETED}
I/PackageManager(  829): Package com.android.mms.service granting android.permission.RECEIVE_BOOT_COMPLETED
I/PackageManager(  829): Package com.android.mms.service checking android.permission.READ_SMS: BasePermission{2c9d46c4 android.permission.READ_SMS}
I/PackageManager(  829): Package com.android.mms.service granting android.permission.READ_SMS
I/PackageManager(  829): Package com.android.mms.service checking android.permission.WRITE_SMS: BasePermission{2a1f09ad android.permission.WRITE_SMS}
I/PackageManager(  829): Package com.android.mms.service granting android.permission.WRITE_SMS
I/PackageManager(  829): Package com.android.mms.service checking android.permission.BROADCAST_WAP_PUSH: BasePermission{379f6d31 android.permission.BROADCAST_WAP_PUSH}
I/PackageManager(  829): Package com.android.mms.service granting android.permission.BROADCAST_WAP_PUSH
I/PackageManager(  829): Package com.android.providers.media checking android.permission.RECEIVE_BOOT_COMPLETED: BasePermission{2adf6dbe android.permission.RECEIVE_BOOT_COMPLETED}
I/PackageManager(  829): Package com.android.providers.media granting android.permission.RECEIVE_BOOT_COMPLETED
I/PackageManager(  829): Package com.android.providers.media checking android.permission.WRITE_SETTINGS: BasePermission{1f52b0f3 android.permission.WRITE_SETTINGS}
I/PackageManager(  829): Package com.android.providers.media granting android.permission.WRITE_SETTINGS
I/PackageManager(  829): Package com.android.providers.media checking android.permission.WAKE_LOCK: BasePermission{3385ce1f android.permission.WAKE_LOCK}
I/PackageManager(  829): Package com.android.providers.media granting android.permission.WAKE_LOCK
I/PackageManager(  829): Package com.android.providers.media checking android.permission.WRITE_EXTERNAL_STORAGE: BasePermission{3bc16544 android.permission.WRITE_EXTERNAL_STORAGE}
I/PackageManager(  829): Package com.android.providers.media granting android.permission.WRITE_EXTERNAL_STORAGE
I/PackageManager(  829): Package com.android.providers.media checking android.permission.WRITE_MEDIA_STORAGE: BasePermission{13897696 android.permission.WRITE_MEDIA_STORAGE}
I/PackageManager(  829): Package com.android.providers.media granting android.permission.WRITE_MEDIA_STORAGE
I/PackageManager(  829): Package com.android.providers.media checking android.permission.ACCESS_MTP: BasePermission{d003772 android.permission.ACCESS_MTP}
I/PackageManager(  829): Package com.android.providers.media granting android.permission.ACCESS_MTP
I/PackageManager(  829): Package com.android.providers.media checking android.permission.MANAGE_USERS: BasePermission{3a71fc72 android.permission.MANAGE_USERS}
I/PackageManager(  829): Package com.android.providers.media granting android.permission.MANAGE_USERS
I/PackageManager(  829): Package com.android.providers.media checking android.permission.INTERACT_ACROSS_USERS: BasePermission{38535ada android.permission.INTERACT_ACROSS_USERS}
I/PackageManager(  829): Package com.android.providers.media granting android.permission.INTERACT_ACROSS_USERS
I/PackageManager(  829): Package com.android.providers.media checking android.permission.SHUTDOWN: BasePermission{270c9c16 android.permission.SHUTDOWN}
I/PackageManager(  829): Package com.android.providers.media granting android.permission.SHUTDOWN
I/PackageManager(  829): Package com.android.providers.media checking android.permission.READ_EXTERNAL_STORAGE: BasePermission{34cb062d android.permission.READ_EXTERNAL_STORAGE}
I/PackageManager(  829): Package com.android.providers.media granting android.permission.READ_EXTERNAL_STORAGE
I/PackageManager(  829): Package com.qualcomm.qti.gesture checking android.permission.VIBRATE: BasePermission{1ff618dc android.permission.VIBRATE}
I/PackageManager(  829): Package com.qualcomm.qti.gesture granting android.permission.VIBRATE
I/PackageManager(  829): Package com.qualcomm.datamonitor checking android.permission.READ_PHONE_STATE: BasePermission{18dfe55b android.permission.READ_PHONE_STATE}
I/PackageManager(  829): Package com.qualcomm.datamonitor granting android.permission.READ_PHONE_STATE
I/PackageManager(  829): Package com.qualcomm.datamonitor checking android.permission.MODIFY_PHONE_STATE: BasePermission{e9891f8 android.permission.MODIFY_PHONE_STATE}
I/PackageManager(  829): Package com.qualcomm.datamonitor granting android.permission.MODIFY_PHONE_STATE
I/PackageManager(  829): Package com.qualcomm.datamonitor checking android.permission.CHANGE_NETWORK_STATE: BasePermission{215a4735 android.permission.CHANGE_NETWORK_STATE}
I/PackageManager(  829): Package com.qualcomm.datamonitor granting android.permission.CHANGE_NETWORK_STATE
I/PackageManager(  829): Package com.qualcomm.datamonitor checking android.permission.ACCESS_NETWORK_STATE: BasePermission{2974685e android.permission.ACCESS_NETWORK_STATE}
I/PackageManager(  829): Package com.qualcomm.datamonitor granting android.permission.ACCESS_NETWORK_STATE
I/PackageManager(  829): Package com.qualcomm.datamonitor checking android.permission.READ_NETWORK_USAGE_HISTORY: BasePermission{38a86361 android.permission.READ_NETWORK_USAGE_HISTORY}
I/PackageManager(  829): Package com.qualcomm.datamonitor granting android.permission.READ_NETWORK_USAGE_HISTORY
I/PackageManager(  829): Package com.qualcomm.simcontacts checking android.permission.READ_PHONE_STATE: BasePermission{18dfe55b android.permission.READ_PHONE_STATE}
I/PackageManager(  829): Package com.qualcomm.simcontacts granting android.permission.READ_PHONE_STATE
I/PackageManager(  829): Package com.qualcomm.simcontacts checking android.permission.USE_CREDENTIALS: BasePermission{2526d49d android.permission.USE_CREDENTIALS}
I/PackageManager(  829): Package com.qualcomm.simcontacts granting android.permission.USE_CREDENTIALS
I/PackageManager(  829): Package com.qualcomm.simcontacts checking android.permission.MODIFY_PHONE_STATE: BasePermission{e9891f8 android.permission.MODIFY_PHONE_STATE}
I/PackageManager(  829): Package com.qualcomm.simcontacts granting android.permission.MODIFY_PHONE_STATE
I/PackageManager(  829): Package com.qualcomm.simcontacts checking android.permission.READ_CONTACTS: BasePermission{44c6e0 android.permission.READ_CONTACTS}
I/PackageManager(  829): Package com.qualcomm.simcontacts granting android.permission.READ_CONTACTS
I/PackageManager(  829): Package com.qualcomm.simcontacts checking android.permission.WRITE_CONTACTS: BasePermission{3211d99 android.permission.WRITE_CONTACTS}
I/PackageManager(  829): Package com.qualcomm.simcontacts granting android.permission.WRITE_CONTACTS
I/PackageManager(  829): Package com.qualcomm.simcontacts checking android.permission.GET_ACCOUNTS: BasePermission{10dd55e9 android.permission.GET_ACCOUNTS}
I/PackageManager(  829): Package com.qualcomm.simcontacts granting android.permission.GET_ACCOUNTS
I/PackageManager(  829): Package com.qualcomm.simcontacts checking android.permission.MANAGE_ACCOUNTS: BasePermission{1e4c165 android.permission.MANAGE_ACCOUNTS}
I/PackageManager(  829): Package com.qualcomm.simcontacts granting android.permission.MANAGE_ACCOUNTS
I/PackageManager(  829): Package com.qualcomm.simcontacts checking android.permission.AUTHENTICATE_ACCOUNTS: BasePermission{88b589e android.permission.AUTHENTICATE_ACCOUNTS}
I/PackageManager(  829): Package com.qualcomm.simcontacts granting android.permission.AUTHENTICATE_ACCOUNTS
I/PackageManager(  829): Package com.qualcomm.simcontacts checking android.permission.READ_SYNC_SETTINGS: BasePermission{35d222c5 android.permission.READ_SYNC_SETTINGS}
I/PackageManager(  829): Package com.qualcomm.simcontacts granting android.permission.READ_SYNC_SETTINGS
I/PackageManager(  829): Package com.qualcomm.simcontacts checking android.permission.WRITE_SYNC_SETTINGS: BasePermission{1a6f041a android.permission.WRITE_SYNC_SETTINGS}
I/PackageManager(  829): Package com.qualcomm.simcontacts granting android.permission.WRITE_SYNC_SETTINGS
I/PackageManager(  829): Package com.qualcomm.simcontacts checking android.permission.RECEIVE_BOOT_COMPLETED: BasePermission{2adf6dbe android.permission.RECEIVE_BOOT_COMPLETED}
I/PackageManager(  829): Package com.qualcomm.simcontacts granting android.permission.RECEIVE_BOOT_COMPLETED
I/PackageManager(  829): Package com.qualcomm.simcontacts checking android.permission.WRITE_SETTINGS: BasePermission{1f52b0f3 android.permission.WRITE_SETTINGS}
I/PackageManager(  829): Package com.qualcomm.simcontacts granting android.permission.WRITE_SETTINGS
I/PackageManager(  829): Package com.qualcomm.simcontacts checking android.permission.WRITE_SECURE_SETTINGS: BasePermission{171191b0 android.permission.WRITE_SECURE_SETTINGS}
I/PackageManager(  829): Package com.qualcomm.simcontacts granting android.permission.WRITE_SECURE_SETTINGS
I/PackageManager(  829): Package com.qualcomm.simcontacts checking android.permission.READ_SYNC_STATS: BasePermission{1aa0db4b android.permission.READ_SYNC_STATS}
I/PackageManager(  829): Package com.qualcomm.simcontacts granting android.permission.READ_SYNC_STATS
I/PackageManager(  829): Package com.qapp.quickboot checking android.permission.DEVICE_POWER: BasePermission{afed829 android.permission.DEVICE_POWER}
I/PackageManager(  829): Package com.qapp.quickboot granting android.permission.DEVICE_POWER
I/PackageManager(  829): Package com.qapp.quickboot checking android.permission.WRITE_SETTINGS: BasePermission{1f52b0f3 android.permission.WRITE_SETTINGS}
I/PackageManager(  829): Package com.qapp.quickboot granting android.permission.WRITE_SETTINGS
I/PackageManager(  829): Package com.qapp.quickboot checking android.permission.KILL_BACKGROUND_PROCESSES: BasePermission{297309cc android.permission.KILL_BACKGROUND_PROCESSES}
I/PackageManager(  829): Package com.qapp.quickboot granting android.permission.KILL_BACKGROUND_PROCESSES
I/PackageManager(  829): Package com.qapp.quickboot checking android.permission.REBOOT: BasePermission{39a0c26e android.permission.REBOOT}
I/PackageManager(  829): Package com.qapp.quickboot granting android.permission.REBOOT
I/PackageManager(  829): Package com.qapp.quickboot checking android.permission.SET_ANIMATION_SCALE: BasePermission{354ee834 android.permission.SET_ANIMATION_SCALE}
I/PackageManager(  829): Package com.qapp.quickboot granting android.permission.SET_ANIMATION_SCALE
I/PackageManager(  829): Package com.qapp.quickboot checking android.permission.USE_CREDENTIALS: BasePermission{2526d49d android.permission.USE_CREDENTIALS}
I/PackageManager(  829): Package com.qapp.quickboot granting android.permission.USE_CREDENTIALS
I/PackageManager(  829): Package com.qapp.quickboot checking android.permission.WAKE_LOCK: BasePermission{3385ce1f android.permission.WAKE_LOCK}
I/PackageManager(  829): Package com.qapp.quickboot granting android.permission.WAKE_LOCK
I/PackageManager(  829): Package com.qapp.quickboot checking android.permission.READ_PHONE_STATE: BasePermission{18dfe55b android.permission.READ_PHONE_STATE}
I/PackageManager(  829): Package com.qapp.quickboot granting android.permission.READ_PHONE_STATE
I/PackageManager(  829): Package com.qapp.quickboot checking android.permission.FORCE_STOP_PACKAGES: BasePermission{27405ec2 android.permission.FORCE_STOP_PACKAGES}
I/PackageManager(  829): Package com.qapp.quickboot granting android.permission.FORCE_STOP_PACKAGES
I/PackageManager(  829): Package com.qapp.quickboot checking android.permission.GET_TASKS: BasePermission{ffb3b7 android.permission.GET_TASKS}
I/PackageManager(  829): Package com.qapp.quickboot granting android.permission.GET_TASKS
I/PackageManager(  829): Package com.qapp.quickboot checking android.permission.VIBRATE: BasePermission{1ff618dc android.permission.VIBRATE}
I/PackageManager(  829): Package com.qapp.quickboot granting android.permission.VIBRATE
I/PackageManager(  829): Package com.qapp.quickboot checking android.permission.SHUTDOWN: BasePermission{270c9c16 android.permission.SHUTDOWN}
I/PackageManager(  829): Package com.qapp.quickboot granting android.permission.SHUTDOWN
I/PackageManager(  829): Package com.qapp.quickboot checking android.permission.RECEIVE_BOOT_COMPLETED: BasePermission{2adf6dbe android.permission.RECEIVE_BOOT_COMPLETED}
I/PackageManager(  829): Package com.qapp.quickboot granting android.permission.RECEIVE_BOOT_COMPLETED
I/PackageManager(  829): Package com.android.stk checking android.permission.RECEIVE_BOOT_COMPLETED: BasePermission{2adf6dbe android.permission.RECEIVE_BOOT_COMPLETED}
I/PackageManager(  829): Package com.android.stk granting android.permission.RECEIVE_BOOT_COMPLETED
I/PackageManager(  829): Package com.android.stk checking android.permission.GET_TASKS: BasePermission{ffb3b7 android.permission.GET_TASKS}
I/PackageManager(  829): Package com.android.stk granting android.permission.GET_TASKS
I/PackageManager(  829): Package com.android.stk checking android.permission.RECEIVE_STK_COMMANDS: BasePermission{2e2887c3 android.permission.RECEIVE_STK_COMMANDS}
I/PackageManager(  829): Package com.android.stk granting android.permission.RECEIVE_STK_COMMANDS
I/PackageManager(  829): Package com.android.stk checking android.permission.SEND_RECEIVE_STK_INTENT: BasePermission{4716840 android.permission.SEND_RECEIVE_STK_INTENT}
I/PackageManager(  829): Package com.android.stk granting android.permission.SEND_RECEIVE_STK_INTENT
I/PackageManager(  829): Package com.google.android.gsf.login checking android.permission.ACCESS_NETWORK_STATE: BasePermission{2974685e android.permission.ACCESS_NETWORK_STATE}
I/PackageManager(  829): Package com.google.android.gsf.login granting android.permission.ACCESS_NETWORK_STATE
I/PackageManager(  829): Package com.google.android.gsf.login checking android.permission.ACCESS_WIFI_STATE: BasePermission{3dde0657 android.permission.ACCESS_WIFI_STATE}
I/PackageManager(  829): Package com.google.android.gsf.login granting android.permission.ACCESS_WIFI_STATE
I/PackageManager(  829): Package com.google.android.gsf.login checking android.permission.AUTHENTICATE_ACCOUNTS: BasePermission{88b589e android.permission.AUTHENTICATE_ACCOUNTS}
I/PackageManager(  829): Package com.google.android.gsf.login granting android.permission.AUTHENTICATE_ACCOUNTS
I/PackageManager(  829): Package com.google.android.gsf.login checking android.permission.BACKUP: BasePermission{24a7353c android.permission.BACKUP}
I/PackageManager(  829): Package com.google.android.gsf.login granting android.permission.BACKUP
I/PackageManager(  829): Package com.google.android.gsf.login checking android.permission.BROADCAST_STICKY: BasePermission{1d09bd2 android.permission.BROADCAST_STICKY}
I/PackageManager(  829): Package com.google.android.gsf.login granting android.permission.BROADCAST_STICKY
I/PackageManager(  829): Package com.google.android.gsf.login checking android.permission.CHANGE_COMPONENT_ENABLED_STATE: BasePermission{19d3b7f9 android.permission.CHANGE_COMPONENT_ENABLED_STATE}
I/PackageManager(  829): Package com.google.android.gsf.login granting android.permission.CHANGE_COMPONENT_ENABLED_STATE
I/PackageManager(  829): Package com.google.android.gsf.login checking android.permission.CHANGE_NETWORK_STATE: BasePermission{215a4735 android.permission.CHANGE_NETWORK_STATE}
I/PackageManager(  829): Package com.google.android.gsf.login granting android.permission.CHANGE_NETWORK_STATE
I/PackageManager(  829): Package com.google.android.gsf.login checking android.permission.CHANGE_WIFI_STATE: BasePermission{28dcfa55 android.permission.CHANGE_WIFI_STATE}
I/PackageManager(  829): Package com.google.android.gsf.login granting android.permission.CHANGE_WIFI_STATE
I/PackageManager(  829): Package com.google.android.gsf.login checking android.permission.CONTROL_KEYGUARD: BasePermission{3c87843 android.permission.CONTROL_KEYGUARD}
I/PackageManager(  829): Package com.google.android.gsf.login granting android.permission.CONTROL_KEYGUARD
I/PackageManager(  829): Package com.google.android.gsf.login checking android.permission.DUMP: BasePermission{1578a31e android.permission.DUMP}
I/PackageManager(  829): Package com.google.android.gsf.login granting android.permission.DUMP
I/PackageManager(  829): Package com.google.android.gsf.login checking android.permission.GET_ACCOUNTS: BasePermission{10dd55e9 android.permission.GET_ACCOUNTS}
I/PackageManager(  829): Package com.google.android.gsf.login granting android.permission.GET_ACCOUNTS
I/PackageManager(  829): Package com.google.android.gsf.login checking android.permission.INTERNET: BasePermission{5086e70 android.permission.INTERNET}
I/PackageManager(  829): Package com.google.android.gsf.login granting android.permission.INTERNET
I/PackageManager(  829): Package com.google.android.gsf.login checking android.permission.INVOKE_CARRIER_SETUP: BasePermission{138d1379 android.permission.INVOKE_CARRIER_SETUP}
I/PackageManager(  829): Package com.google.android.gsf.login granting android.permission.INVOKE_CARRIER_SETUP
I/PackageManager(  829): Package com.google.android.gsf.login checking android.permission.MANAGE_ACCOUNTS: BasePermission{1e4c165 android.permission.MANAGE_ACCOUNTS}
I/PackageManager(  829): Package com.google.android.gsf.login granting android.permission.MANAGE_ACCOUNTS
I/PackageManager(  829): Package com.google.android.gsf.login checking android.permission.PERSISTENT_ACTIVITY: BasePermission{890f7f android.permission.PERSISTENT_ACTIVITY}
I/PackageManager(  829): Package com.google.android.gsf.login granting android.permission.PERSISTENT_ACTIVITY
I/PackageManager(  829): Package com.google.android.gsf.login checking android.permission.READ_CONTACTS: BasePermission{44c6e0 android.permission.READ_CONTACTS}
I/PackageManager(  829): Package com.google.android.gsf.login granting android.permission.READ_CONTACTS
I/PackageManager(  829): Package com.google.android.gsf.login checking android.permission.READ_LOGS: BasePermission{1c918ab6 android.permission.READ_LOGS}
I/PackageManager(  829): Package com.google.android.gsf.login granting android.permission.READ_LOGS
I/PackageManager(  829): Package com.google.android.gsf.login checking android.permission.READ_PHONE_STATE: BasePermission{18dfe55b android.permission.READ_PHONE_STATE}
I/PackageManager(  829): Package com.google.android.gsf.login granting android.permission.READ_PHONE_STATE
I/PackageManager(  829): Package com.google.android.gsf.login checking android.permission.READ_PROFILE: BasePermission{f9f68c3 android.permission.READ_PROFILE}
I/PackageManager(  829): Package com.google.android.gsf.login granting android.permission.READ_PROFILE
I/PackageManager(  829): Package com.google.android.gsf.login checking android.permission.READ_SYNC_SETTINGS: BasePermission{35d222c5 android.permission.READ_SYNC_SETTINGS}
I/PackageManager(  829): Package com.google.android.gsf.login granting android.permission.READ_SYNC_SETTINGS
I/PackageManager(  829): Package com.google.android.gsf.login checking android.permission.READ_SYNC_STATS: BasePermission{1aa0db4b android.permission.READ_SYNC_STATS}
I/PackageManager(  829): Package com.google.android.gsf.login granting android.permission.READ_SYNC_STATS
I/PackageManager(  829): Package com.google.android.gsf.login checking android.permission.RECEIVE_BOOT_COMPLETED: BasePermission{2adf6dbe android.permission.RECEIVE_BOOT_COMPLETED}
I/PackageManager(  829): Package com.google.android.gsf.login granting android.permission.RECEIVE_BOOT_COMPLETED
I/PackageManager(  829): Package com.google.android.gsf.login checking android.permission.SUBSCRIBED_FEEDS_READ: BasePermission{1ab317ee android.permission.SUBSCRIBED_FEEDS_READ}
I/PackageManager(  829): Package com.google.android.gsf.login granting android.permission.SUBSCRIBED_FEEDS_READ
I/PackageManager(  829): Package com.google.android.gsf.login checking android.permission.SUBSCRIBED_FEEDS_WRITE: BasePermission{1f9fe48f android.permission.SUBSCRIBED_FEEDS_WRITE}
I/PackageManager(  829): Package com.google.android.gsf.login granting android.permission.SUBSCRIBED_FEEDS_WRITE
I/PackageManager(  829): Package com.google.android.gsf.login checking android.permission.USE_CREDENTIALS: BasePermission{2526d49d android.permission.USE_CREDENTIALS}
I/PackageManager(  829): Package com.google.android.gsf.login granting android.permission.USE_CREDENTIALS
I/PackageManager(  829): Package com.google.android.gsf.login checking android.permission.VIBRATE: BasePermission{1ff618dc android.permission.VIBRATE}
I/PackageManager(  829): Package com.google.android.gsf.login granting android.permission.VIBRATE
W/PackageSettings(  829): Skipping PackageSetting{35db42ca com.yyjgdic/10382} due to missing metadata
W/PackageSettings(  829): Skipping PackageSetting{2ef12c3b com.vng.dict.app/10120} due to missing metadata
I/PackageManager(  829): Installation done for package: com.app911interpreters
V/PackageManager(  829): + starting restore round-trip 112
V/PackageManager(  829): No restore - queue post-install for 112
V/PackageManager(  829): Handling post-install for 112
I/ActivityManager(  829): Force stopping com.app911interpreters appid=10491 user=0: pkg removed
I/AccountTypeManager(23232): Received Intent:Intent { act=android.intent.action.PACKAGE_REMOVED dat=package:com.app911interpreters flg=0x4000010 (has extras) }
I/AccountTypeManager(23232): loadAccountsInBackground()+
E/PackageActionReceiver(23232): ACTION_PACKAGE_REMOVED
I/art     (26983): Explicit concurrent mark sweep GC freed 17700(1940KB) AllocSpace objects, 22(719KB) LOS objects, 30% free, 13MB/19MB, paused 993us total 53.493ms
D/Launcher.Model(26983): onReceive intent=Intent { act=android.intent.action.PACKAGE_REMOVED dat=package:com.app911interpreters flg=0x4000010 (has extras) }
I/AccountTypeManager(23232): the AuthenticatorDescription [] auths = [Landroid.accounts.AuthenticatorDescription;@3c779c13
I/AccountTypeManager(23232): the   type is com.android.exchange the auth is = AuthenticatorDescription {type=com.android.exchange}
D/Launcher.Model(26983): onReceive op=0  replacing:true
I/AccountTypeManager(23232): the AuthenticatorDescription [] auths = [Landroid.accounts.AuthenticatorDescription;@3c779c13
I/AccountTypeManager(23232): the   type is com.zing.zalo the auth is = AuthenticatorDescription {type=com.zing.zalo}
D/AccountTypeManager(23232): Registering external account type=com.zing.zalo, packageName=com.zing.zalo
W/ResourceType(23232): For resource 0x7f0205b6, entry index(1462) is beyond type entryCount(592)
W/ResourceType(23232): Failure getting entry for 0x7f0205b6 (t=1 e=1462) (error -75)
W/ResourceType(23232): For resource 0x7f0205b7, entry index(1463) is beyond type entryCount(592)
W/ResourceType(23232): Failure getting entry for 0x7f0205b7 (t=1 e=1463) (error -75)
W/ResourceType(23232): For resource 0x7f0205b8, entry index(1464) is beyond type entryCount(592)
W/ResourceType(23232): Failure getting entry for 0x7f0205b8 (t=1 e=1464) (error -75)
I/AccountTypeManager(23232): the AuthenticatorDescription [] auths = [Landroid.accounts.AuthenticatorDescription;@3c779c13
I/AccountTypeManager(23232): the   type is com.google.android.gm.exchange the auth is = AuthenticatorDescription {type=com.google.android.gm.exchange}
D/AccountTypeManager(23232): Registering external account type=com.google.android.gm.exchange, packageName=com.google.android.gm
D/Launcher.Model(26983): onReceive intent=Intent { act=android.intent.action.PACKAGE_ADDED dat=package:com.app911interpreters flg=0x4000010 (has extras) }
D/Launcher.Model(26983): onReceive op=2  replacing:true
D/Launcher.Model(26983): mAllAppsList.updatePackage com.app911interpreters
I/InputReader(  829): Reconfiguring input devices.  changes=0x00000010
I/AccountTypeManager(23232): Received Intent:Intent { act=android.intent.action.PACKAGE_ADDED dat=package:com.app911interpreters flg=0x4000010 (has extras) }
W/Settings(  829): Setting install_non_market_apps has moved from android.provider.Settings.Global to android.provider.Settings.Secure, returning read-only value.
D/Launcher(26983): AllAppsList, updatePackage: packageName = com.app911interpreters, matches = 1
D/Launcher(26983): IconCache, getTitleAndIcon: componentName = ComponentInfo{com.app911interpreters/com.app911interpreters.MainActivity}, application.itemType = 0
I/InputReader(  829): Reconfiguring input devices.  changes=0x00000010
D/Launcher(26983): IconCache, cacheLocked: componentName = ComponentInfo{com.app911interpreters/com.app911interpreters.MainActivity}, info = ResolveInfo{34cb062d com.app911interpreters/.MainActivity m=0x108000}, HashMap<Object, CharSequence>:size = null
I/AccountTypeManager(23232): the AuthenticatorDescription [] auths = [Landroid.accounts.AuthenticatorDescription;@3c779c13
I/AccountTypeManager(23232): the   type is com.android.localphone the auth is = AuthenticatorDescription {type=com.android.localphone}
D/AccountTypeManager(23232): Registering external account type=com.android.localphone, packageName=com.qualcomm.simcontacts
D/Launcher(26983): IconCache, CacheLocked get title from pms: title = App911Interpreters
I/InputReader(  829): Reconfiguring input devices.  changes=0x00000010
D/IconUtils(26983): Can not find image :mirage_theme/drawable-xhdpi/com_app911interpreters_MainActivity.png in current theme
D/IconUtils(26983): Can not find image :mirage_theme/drawable-xhdpi/com_app911interpreters.png in current theme
W/ResourceType(26983): No package identifier when getting value for resource number 0x00000000
W/PackageManager(26983): Failure retrieving resources for com.app911interpreters: Resource ID #0x0
I/AccountTypeManager(23232): the AuthenticatorDescription [] auths = [Landroid.accounts.AuthenticatorDescription;@3c779c13
I/AccountTypeManager(23232): the   type is com.google the auth is = AuthenticatorDescription {type=com.google}
I/AccountTypeManager(23232): the AuthenticatorDescription [] auths = [Landroid.accounts.AuthenticatorDescription;@3c779c13
I/AccountTypeManager(23232): the   type is com.android.sim the auth is = AuthenticatorDescription {type=com.android.sim}
D/AccountTypeManager(23232): Registering external account type=com.android.sim, packageName=com.qualcomm.simcontacts
I/art     (27421): Explicit marksweep + semispace GC freed 172(6KB) AllocSpace objects, 0(0B) LOS objects, 47% free, 6MB/12MB, paused 116.334ms total 116.763ms
I/IconUtils(26983): getAplaCountFromBitmap count_left:7 count_top:6  count_right:7  count_bottom:5
I/IconUtils(26983): getAplaCountFromBitmap 222
I/IconUtils(26983): cacheLocked  createIconBitmap  bitmap.getWidth():112bitmap.getHeight():112
I/IconUtils(26983): cacheLocked  createIconBitmap  bm.getWidth():112bm.getHeight():112
D/Launcher(26983): Launcher.Model, PackageUpdatedTask: added = null,modified = [ApplicationInfo(title=App911Interpreters unreadNum= 0)],removedPackageNames = [],appWidgetRemoved = null
D/Launcher(26983): Launcher, bindAppsUpdated: apps = [ApplicationInfo(title=App911Interpreters unreadNum= 0)]
D/Launcher(26983): Workspace, updateShortcuts: apps = [ApplicationInfo(title=App911Interpreters unreadNum= 0)]
D/Launcher(26983): Workspace, updateShortcuts: info = ShortcutInfo(title=Th vinintent=Intent { act=android.intent.action.MAIN cat=[android.intent.category.LAUNCHER] flg=0x10200000 cmp=com.android.gallery3d/.app.GalleryActivity }id=49 type=0 container=-100 screen=0 cellX=1 cellY=1 spanX=1 spanY=1 dropPos=null unreadNum= 0)
D/Launcher(26983): Workspace, updateShortcuts: info = ShortcutInfo(title=Ci tintent=Intent { act=android.intent.action.MAIN cat=[android.intent.category.LAUNCHER] flg=0x10200000 cmp=com.android.settings/.Settings }id=41 type=0 container=-100 screen=0 cellX=2 cellY=1 spanX=1 spanY=1 dropPos=null unreadNum= 0)
D/Launcher(26983): Workspace, updateShortcuts: info = ShortcutInfo(title=SYNCitintent=Intent { act=android.intent.action.MAIN cat=[android.intent.category.LAUNCHER] flg=0x10200000 cmp=com.lenovo.leos.cloud.sync.row/.common.activity.SplashScreenActivity }id=47 type=0 container=-100 screen=0 cellX=3 cellY=1 spanX=1 spanY=1 dropPos=null unreadNum= 0)
D/Launcher(26983): Workspace, updateShortcuts: info = ShortcutInfo(title=Ch intent=Intent { act=android.intent.action.MAIN cat=[android.intent.category.LAUNCHER] flg=0x10200000 cmp=com.android.launcher3/com.android.launcher2.theme.ChooseActivity }id=37 type=0 container=-100 screen=0 cellX=0 cellY=2 spanX=1 spanY=1 dropPos=null unreadNum= 0)
D/Launcher(26983): Workspace, updateShortcuts: info = ShortcutInfo(title=SHAREitintent=Intent { act=android.intent.action.MAIN cat=[android.intent.category.LAUNCHER] flg=0x10200000 cmp=com.lenovo.anyshare.gps/com.lenovo.anyshare.ApMainActivity }id=45 type=0 container=-100 screen=0 cellX=1 cellY=2 spanX=1 spanY=1 dropPos=null unreadNum= 0)
D/Launcher(26983): Workspace, updateShortcuts: info = ShortcutInfo(title=My nhintent=Intent { act=android.intent.action.MAIN cat=[android.intent.category.LAUNCHER] flg=0x10200000 cmp=com.android.camera2/com.android.camera.CameraLauncher }id=39 type=0 container=-100 screen=0 cellX=2 cellY=2 spanX=1 spanY=1 dropPos=null unreadNum= 0)
D/Launcher(26983): Workspace, updateShortcuts: info = ShortcutInfo(title=Emailintent=Intent { act=android.intent.action.MAIN cat=[android.intent.category.LAUNCHER] flg=0x10200000 cmp=com.android.email/.activity.Welcome }id=51 type=0 container=-100 screen=1 cellX=0 cellY=0 spanX=1 spanY=1 dropPos=null unreadNum= 0)
D/Launcher(26983): Workspace, updateShortcuts: info = ShortcutInfo(title=Videointent=Intent { act=android.intent.action.MAIN cat=[android.intent.category.LAUNCHER] flg=0x10200000 cmp=com.mediatek.videoplayer/.MovieListActivity }id=53 type=0 container=-100 screen=1 cellX=1 cellY=0 spanX=1 spanY=1 dropPos=null unreadNum= 0)
D/Launcher(26983): Workspace, updateShortcuts: info = ShortcutInfo(title=n flashintent=Intent { act=android.intent.action.MAIN cat=[android.intent.category.LAUNCHER] flg=0x10200000 cmp=com.wingtech.flashlight/.FlashLight }id=65 type=0 container=-100 screen=1 cellX=2 cellY=0 spanX=1 spanY=1 dropPos=null unreadNum= 0)
D/Launcher(26983): Workspace, updateShortcuts: info = ShortcutInfo(title=Nhcintent=Intent { act=android.intent.action.MAIN cat=[android.intent.category.LAUNCHER] flg=0x10200000 cmp=com.cyanogenmod.eleven/.ui.activities.HomeActivity }id=57 type=0 container=-100 screen=1 cellX=3 cellY=0 spanX=1 spanY=1 dropPos=null unreadNum= 0)
D/Launcher(26983): Workspace, updateShortcuts: info = ShortcutInfo(title=Googleintent=Intent { act=android.intent.action.MAIN cat=[android.intent.category.LAUNCHER] flg=0x10200000 cmp=com.google.android.googlequicksearchbox/.SearchActivity }id=13 type=0 container=-100 screen=1 cellX=0 cellY=1 spanX=1 spanY=1 dropPos=null unreadNum= 0)
D/Launcher(26983): Workspace, updateShortcuts: info = ShortcutInfo(title=Dolby Audiointent=Intent { act=android.intent.action.MAIN cat=[android.intent.category.LAUNCHER] flg=0x10200000 cmp=com.dolby.ds1appUI/.MainActivity }id=61 type=0 container=-100 screen=1 cellX=1 cellY=1 spanX=1 spanY=1 dropPos=null unreadNum= 0)
D/Launcher(26983): Workspace, updateShortcuts: info = ShortcutInfo(title=Ni dung ti xungintent=Intent { act=android.intent.action.MAIN cat=[android.intent.category.LAUNCHER] flg=0x10200000 cmp=com.android.providers.downloads.ui/.DownloadList }id=63 type=0 container=-100 screen=1 cellX=2 cellY=1 spanX=1 spanY=1 dropPos=null unreadNum= 0)
