D/Launcher(26983): Workspace, updateShortcuts: info = ShortcutInfo(title=YouTubeintent=Intent { act=android.intent.action.MAIN cat=[android.intent.category.LAUNCHER] flg=0x10200000 cmp=com.google.android.youtube/.app.honeycomb.Shell$HomeActivity }id=19 type=0 container=-100 screen=1 cellX=3 cellY=1 spanX=1 spanY=1 dropPos=null unreadNum= 0)
D/Launcher(26983): Workspace, updateShortcuts: info = ShortcutInfo(title=Trung tm bo mtintent=Intent { act=android.intent.action.MAIN cat=[android.intent.category.LAUNCHER] flg=0x10200000 cmp=com.enjoy.safe/.MainActivity }id=59 type=0 container=-100 screen=1 cellX=0 cellY=2 spanX=1 spanY=1 dropPos=null unreadNum= 0)
D/Launcher(26983): Workspace, updateShortcuts: info = ShortcutInfo(title=Qun l fileintent=Intent { act=android.intent.action.MAIN cat=[android.intent.category.LAUNCHER] flg=0x10200000 cmp=com.wingtech.filemanager/.MainActivity }id=55 type=0 container=-100 screen=1 cellX=2 cellY=2 spanX=1 spanY=1 dropPos=null unreadNum= 0)
D/Launcher(26983): Workspace, updateShortcuts: info = ShortcutInfo(title=Flash Player Settingsintent=Intent { act=android.intent.action.MAIN cat=[android.intent.category.LAUNCHER] flg=0x10200000 cmp=com.adobe.flashplayer/.SettingsManager }id=156 type=0 container=-100 screen=1 cellX=3 cellY=2 spanX=1 spanY=1 dropPos=null unreadNum= 0)
D/Launcher(26983): Workspace, updateShortcuts: info = ShortcutInfo(title=i FMintent=Intent { act=android.intent.action.MAIN cat=[android.intent.category.LAUNCHER] flg=0x10200000 cmp=com.wingtech.fmradio/.FMRadio }id=82 type=0 container=-100 screen=1 cellX=0 cellY=3 spanX=1 spanY=1 dropPos=null unreadNum= 0)
D/Launcher(26983): Workspace, updateShortcuts: info = ShortcutInfo(title=Play Phimintent=Intent { act=android.intent.action.MAIN cat=[android.intent.category.LAUNCHER] flg=0x10200000 cmp=com.google.android.videos/com.google.android.youtube.videos.EntryPoint }id=287 type=0 container=-100 screen=1 cellX=1 cellY=3 spanX=1 spanY=1 dropPos=null unreadNum= 0)
D/Launcher(26983): Workspace, updateShortcuts: info = ShortcutInfo(title=Laban Keyintent=Intent { act=android.intent.action.MAIN cat=[android.intent.category.LAUNCHER] flg=0x10200000 cmp=com.vng.inputmethod.labankey/com.vng.labankey.settings.ui.activity.LbKeySettingsActivity }id=227 type=0 container=-100 screen=1 cellX=2 cellY=3 spanX=1 spanY=1 dropPos=null unreadNum= 0)
D/Launcher(26983): Workspace, updateShortcuts: info = ShortcutInfo(title=T.kim bng ging niintent=Intent { act=android.intent.action.MAIN cat=[android.intent.category.LAUNCHER] flg=0x10200000 cmp=com.google.android.googlequicksearchbox/.VoiceSearchActivity }id=35 type=0 container=-100 screen=1 cellX=3 cellY=3 spanX=1 spanY=1 dropPos=null unreadNum= 0)
D/Launcher(26983): Workspace, updateShortcuts: info = ShortcutInfo(title=Trnh ghi m thanhintent=Intent { act=android.intent.action.MAIN cat=[android.intent.category.LAUNCHER] flg=0x10200000 cmp=com.android.soundrecorder/.SoundRecorder }id=78 type=0 container=-100 screen=2 cellX=0 cellY=0 spanX=1 spanY=1 dropPos=null unreadNum= 0)
D/Launcher(26983): Workspace, updateShortcuts: info = ShortcutInfo(title=ng hintent=Intent { act=android.intent.action.MAIN cat=[android.intent.category.LAUNCHER] flg=0x10200000 cmp=com.android.deskclock/.DeskClock }id=80 type=0 container=-100 screen=2 cellX=1 cellY=0 spanX=1 spanY=1 dropPos=null unreadNum= 0)
D/Launcher(26983): Workspace, updateShortcuts: info = ShortcutInfo(title=Smart Boosterintent=Intent { act=android.intent.action.MAIN cat=[android.intent.category.LAUNCHER] flg=0x10200000 cmp=com.rootuninstaller.rambooster/com.anttek.rambooster.ActivityMain }id=128 type=0 container=-100 screen=2 cellX=3 cellY=0 spanX=1 spanY=1 dropPos=null unreadNum= 0)
D/Launcher(26983): Workspace, updateShortcuts: info = ShortcutInfo(title=Zalointent=Intent { act=android.intent.action.MAIN cat=[android.intent.category.LAUNCHER] flg=0x10200000 cmp=com.zing.zalo/.ui.SplashActivity }id=101 type=0 container=-100 screen=2 cellX=0 cellY=1 spanX=1 spanY=1 dropPos=null unreadNum= 0)
D/Launcher(26983): Workspace, updateShortcuts: info = ShortcutInfo(title=My tnhintent=Intent { act=android.intent.action.MAIN cat=[android.intent.category.LAUNCHER] flg=0x10200000 cmp=com.wingtech.calc/.Calculator }id=76 type=0 container=-100 screen=2 cellX=1 cellY=1 spanX=1 spanY=1 dropPos=null unreadNum= 0)
D/Launcher(26983): Workspace, updateShortcuts: info = ShortcutInfo(title=Ci t Googleintent=Intent { act=android.intent.action.MAIN cat=[android.intent.category.LAUNCHER] flg=0x10200000 cmp=com.google.android.gms/.app.settings.GoogleSettingsActivity }id=33 type=0 container=-100 screen=2 cellX=2 cellY=1 spanX=1 spanY=1 dropPos=null unreadNum= 0)
D/Launcher(26983): Workspace, updateShortcuts: info = ShortcutInfo(title=Chromeintent=Intent { act=android.intent.action.MAIN cat=[android.intent.category.LAUNCHER] flg=0x10200000 cmp=com.android.chrome/com.google.android.apps.chrome.Main }id=8 type=0 container=-100 screen=2 cellX=3 cellY=1 spanX=1 spanY=1 dropPos=null unreadNum= 0)
E/PackageActionReceiver(20300): ACTION_PACKAGE_REMOVED
D/Launcher(26983): Workspace, updateShortcuts: info = ShortcutInfo(title=Docs To Gointent=Intent { act=android.intent.action.MAIN cat=[android.intent.category.LAUNCHER] flg=0x10200000 cmp=com.dataviz.docstogo/com.dataviz.dxtg.common.launcher.android.LauncherActivity }id=208 type=0 container=-100 screen=2 cellX=0 cellY=2 spanX=1 spanY=1 dropPos=null unreadNum= 0)
D/Launcher(26983): Workspace, updateShortcuts: info = ShortcutInfo(title=Lenovo Companionintent=Intent { act=android.intent.action.MAIN cat=[android.intent.category.LAUNCHER] flg=0x10200000 cmp=com.lenovo.serviceit/.activity.WelcomeActivity }id=228 type=0 container=-100 screen=2 cellX=3 cellY=2 spanX=1 spanY=1 dropPos=null unreadNum= 0)
D/Launcher(26983): Workspace, updateShortcuts: info = ShortcutInfo(title=Liteintent=Intent { act=android.intent.action.MAIN cat=[android.intent.category.LAUNCHER] flg=0x10200000 cmp=com.facebook.mlite/.coreui.view.MainActivity }id=413 type=0 container=-100 screen=6 cellX=2 cellY=4 spanX=1 spanY=1 dropPos=null unreadNum= 0)
D/Launcher(26983): Workspace, updateShortcuts: info = ShortcutInfo(title=App911Interpretersintent=Intent { act=android.intent.action.MAIN cat=[android.intent.category.LAUNCHER] flg=0x10200000 cmp=com.app911interpreters/.MainActivity }id=412 type=0 container=-100 screen=6 cellX=1 cellY=4 spanX=1 spanY=1 dropPos=null unreadNum= 0)
W/SimAccountType(23232): addDataKindPhone
I/ContactPluginExtensionContainer(23232): return ContactAccountExtension com.mediatek.contacts.extension.ContactAccountExtensionContainer@2d1e2169
I/ContactAccountExtensionContainer(23232): [hidePhoneLabel()]
I/ContactPluginExtensionContainer(23232): return ContactAccountExtension com.mediatek.contacts.extension.ContactAccountExtensionContainer@2d1e2169
I/ContactAccountExtensionContainer(23232): [isFeatureEnabled()]
D/UsimAccountType(23232): call addDataKindPhone()
I/ContactPluginExtensionContainer(23232): return ContactAccountExtension com.mediatek.contacts.extension.ContactAccountExtensionContainer@2d1e2169
I/ContactAccountExtensionContainer(23232): [isFeatureEnabled()]
I/ContactPluginExtensionContainer(23232): return ContactAccountExtension com.mediatek.contacts.extension.ContactAccountExtensionContainer@2d1e2169
I/ContactAccountExtensionContainer(23232): [isFeatureEnabled()]
I/ContactPluginExtensionContainer(23232): return ContactAccountExtension com.mediatek.contacts.extension.ContactAccountExtensionContainer@2d1e2169
I/ContactAccountExtensionContainer(23232): [needNewDataKind()]
I/ContactPluginExtensionContainer(23232): return ContactAccountExtension com.mediatek.contacts.extension.ContactAccountExtensionContainer@2d1e2169
I/ContactAccountExtensionContainer(23232): [needNewDataKind()]
I/ContactPluginExtensionContainer(23232): return ContactAccountExtension com.mediatek.contacts.extension.ContactAccountExtensionContainer@2d1e2169
I/ContactAccountExtensionContainer(23232): [needNewDataKind()]
D/Launcher(26983): IconCache, cacheLocked: componentName = ComponentInfo{com.app911interpreters/com.app911interpreters.MainActivity}, info = ResolveInfo{171191b0 com.app911interpreters/.MainActivity m=0x0}, HashMap<Object, CharSequence>:size = null
D/Launcher(26983): ShortcutInfo, ShortcutInfo 1 mIcon:android.graphics.Bitmap@afed829
D/Launcher(26983): Workspace, updateShortcuts: info = ShortcutInfo(title=B cng c SIMintent=Intent { act=android.intent.action.MAIN cat=[android.intent.category.LAUNCHER] flg=0x10200000 cmp=com.android.stk/.StkLauncherActivity }id=410 type=0 container=-100 screen=6 cellX=2 cellY=3 spanX=1 spanY=1 dropPos=null unreadNum= 0)
D/wpa_supplicant( 4015): wlan0: Control interface command 'SIGNAL_POLL'
D/Launcher(26983): Workspace, updateShortcuts: info = ShortcutInfo(title=Thi tit Nh Nng Xanhintent=Intent { act=android.intent.action.MAIN cat=[android.intent.category.LAUNCHER] flg=0x10200000 cmp=vn.agrimedia.weatherapp/.SplashScreenActivity }id=411 type=0 container=-100 screen=6 cellX=3 cellY=3 spanX=1 spanY=1 dropPos=null unreadNum= 0)
D/Launcher(26983): Workspace, updateShortcuts: info = ShortcutInfo(title=Pi Music Playerintent=Intent { act=android.intent.action.MAIN cat=[android.intent.category.LAUNCHER] flg=0x10200000 cmp=com.Project100Pi.themusicplayer/.SplashActivity }id=404 type=0 container=-100 screen=6 cellX=0 cellY=4 spanX=1 spanY=1 dropPos=null unreadNum= 0)
D/Launcher(26983): Workspace, updateShortcuts: info = ShortcutInfo(title=in thoiintent=Intent { act=android.intent.action.MAIN cat=[android.intent.category.LAUNCHER] flg=0x10200000 cmp=com.android.contacts/.activities.WtDialerActivity }id=2 type=0 container=-101 screen=0 cellX=0 cellY=0 spanX=1 spanY=1 dropPos=null unreadNum= 0)
D/Launcher(26983): Workspace, updateShortcuts: info = ShortcutInfo(title=Nhn tinintent=Intent { act=android.intent.action.MAIN cat=[android.intent.category.LAUNCHER] flg=0x10200000 cmp=com.android.mms/.ui.ConversationList }id=6 type=0 container=-101 screen=1 cellX=1 cellY=0 spanX=1 spanY=1 dropPos=null unreadNum= 0)
D/Launcher(26983): Workspace, updateShortcuts: info = ShortcutInfo(title=Danh bintent=Intent { act=android.intent.action.MAIN cat=[android.intent.category.LAUNCHER] flg=0x10200000 cmp=com.android.contacts/.activities.PeopleActivity }id=4 type=0 container=-101 screen=2 cellX=2 cellY=0 spanX=1 spanY=1 dropPos=null unreadNum= 0)
D/Launcher(26983): Workspace, updateShortcuts: info = ShortcutInfo(title=UC Browserintent=Intent { act=android.intent.action.MAIN cat=[android.intent.category.LAUNCHER] flg=0x10200000 cmp=com.UCMobile.intl/com.UCMobile.main.UCMobile }id=84 type=0 container=-101 screen=3 cellX=3 cellY=0 spanX=1 spanY=1 dropPos=null unreadNum= 0)
D/Launcher(26983): AppsCustomizePagedView, updateApps: list = [ApplicationInfo(title=App911Interpreters unreadNum= 0)], this = com.android.launcher2.AppsCustomizePagedView{2d3ca6d2 V.E..... ......I. 0,0-0,0 #7f0e000f app:id/apps_customize_pane_content}
D/Launcher(26983): AppsCustomizePagedView, removeAppsWithoutInvalidate: removeIndex = 1, ApplicationInfo info = ApplicationInfo(title=App911Interpreters unreadNum= 0), this = com.android.launcher2.AppsCustomizePagedView{2d3ca6d2 V.E..... ......I. 0,0-0,0 #7f0e000f app:id/apps_customize_pane_content}
D/Launcher(26983): AppsCustomizePagedView, addAppsWithoutInvalidate: mApps size = 50, index = -2, info = ApplicationInfo(title=App911Interpreters unreadNum= 0), this = com.android.launcher2.AppsCustomizePagedView{2d3ca6d2 V.E..... ......I. 0,0-0,0 #7f0e000f app:id/apps_customize_pane_content}
D/Launcher(26983): AppsCustomizePagedView, updatePageCounts end: mNumWidgetPages = 8, mNumAppsPages = 2147483647, mApps.size() = 50, mCellCountX = 0, mCellCountY = 0, this = com.android.launcher2.AppsCustomizePagedView{2d3ca6d2 V.E..... ......I. 0,0-0,0 #7f0e000f app:id/apps_customize_pane_content}
D/Launcher(26983): AppsCustomizePagedView, reorderApps: mApps = [ApplicationInfo(title=nh unreadNum= 0), ApplicationInfo(title=App911Interpreters unreadNum= 0), ApplicationInfo(title=Bn  unreadNum= 0), ApplicationInfo(title=B cng c SIM unreadNum= 0), ApplicationInfo(title=Ci t unreadNum= 0), ApplicationInfo(title=Ci t Google unreadNum= 0), ApplicationInfo(title=CH Play unreadNum= 0), ApplicationInfo(title=Chrome unreadNum= 0), ApplicationInfo(title=Ch  unreadNum= 0), ApplicationInfo(title=Danh b unreadNum= 0), ApplicationInfo(title=Docs To Go unreadNum= 0), ApplicationInfo(title=Dolby Audio unreadNum= 0), ApplicationInfo(title=i FM unreadNum= 0), ApplicationInfo(title=n flash unreadNum= 0), ApplicationInfo(title=in thoi unreadNum= 0), ApplicationInfo(title=ng h unreadNum= 0), ApplicationInfo(title=Email unreadNum= 0), ApplicationInfo(title=Flash Player Settings unreadNum= 0), ApplicationInfo(title=Gmail unreadNum= 0), ApplicationInfo(title=Google unreadNum= 0), ApplicationInfo(title=Google Drive unreadNum= 0), ApplicationInfo(title=Hangouts unreadNum= 0), ApplicationInfo(title=Laban Key unreadNum= 0), ApplicationInfo(title=Lenovo Companion unreadNum= 0), ApplicationInfo(title=Lch unreadNum= 0), ApplicationInfo(title=Lite unreadNum= 0), ApplicationInfo(title=My nh unreadNum= 0), ApplicationInfo(title=My tnh unreadNum= 0), ApplicationInfo(title=Nhc unreadNum= 0), ApplicationInfo(title=Nhn tin unreadNum= 0), ApplicationInfo(title=Ni dung ti xung unreadNum= 0), ApplicationInfo(title=Pi Music Player unreadNum= 0), ApplicationInfo(title=Play m nhc unreadNum= 0), ApplicationInfo(title=Play Phim unreadNum= 0), ApplicationInfo(title=Qun l file unreadNum= 0), ApplicationInfo(title=SHAREit unreadNum= 0), ApplicationInfo(title=Smart Booster unreadNum= 0), ApplicationInfo(title=SYNCit unreadNum= 0), ApplicationInfo(title=T.kim bng ging ni unreadNum= 0), ApplicationInfo(title=Ti liu unreadNum= 0), ApplicationInfo(title=Thi tit Nh Nng Xanh unreadNum= 0), ApplicationInfo(title=Th vin unreadNum= 0), ApplicationInfo(title=Trnh ghi m thanh unreadNum= 0), ApplicationInfo(title=Trung tm bo mt unreadNum= 0), ApplicationInfo(title=UC Browser unreadNum= 0), ApplicationInfo(title=Video unreadNum= 0), ApplicationInfo(title=Vysor unreadNum= 0), ApplicationInfo(title=YouTube unreadNum= 0), ApplicationInfo(title=Zalo unreadNum= 0), ApplicationInfo(title=Zing MP3 unreadNum= 0)], this = com.android.launcher2.AppsCustomizePagedView{2d3ca6d2 V.E..... ......I. 0,0-0,0 #7f0e000f app:id/apps_customize_pane_content}
D/Launcher(26983): PagedView, measure-child 0: child = com.android.launcher2.CellLayout{c4a3d5d V.ED..CL ......ID 0,64-720,1066}, childWidthMode = -2147483648, childHeightMode = -2147483648, this = com.android.launcher2.Workspace{a4b3b34 V.EDH... ......ID 0,0-720,1280 #7f0e003a app:id/workspace}
D/Launcher(26983): PagedView, measure-child 1: child = com.android.launcher2.CellLayout{3a19c454 V.ED..CL ........ 720,64-1440,1066}, childWidthMode = -2147483648, childHeightMode = -2147483648, this = com.android.launcher2.Workspace{a4b3b34 V.EDH... ......ID 0,0-720,1280 #7f0e003a app:id/workspace}
D/Launcher(26983): PagedView, measure-child 2: child = com.android.launcher2.CellLayout{3c25ffd V.ED..CL ........ 1440,64-2160,1066}, childWidthMode = -2147483648, childHeightMode = -2147483648, this = com.android.launcher2.Workspace{a4b3b34 V.EDH... ......ID 0,0-720,1280 #7f0e003a app:id/workspace}
D/Launcher(26983): PagedView, measure-child 3: child = com.android.launcher2.CellLayout{db024f2 V.ED..CL ........ 2160,64-2880,1066}, childWidthMode = -2147483648, childHeightMode = -2147483648, this = com.android.launcher2.Workspace{a4b3b34 V.EDH... ......ID 0,0-720,1280 #7f0e003a app:id/workspace}
D/Launcher(26983): PagedView, measure-child 4: child = com.android.launcher2.CellLayout{46da743 V.ED..CL ........ 2880,64-3600,1066}, childWidthMode = -2147483648, childHeightMode = -2147483648, this = com.android.launcher2.Workspace{a4b3b34 V.EDH... ......ID 0,0-720,1280 #7f0e003a app:id/workspace}
D/Launcher(26983): PagedView, measure-child 5: child = com.android.launcher2.CellLayout{2c78d1c0 V.ED..CL ........ 3600,64-4320,1066}, childWidthMode = -2147483648, childHeightMode = -2147483648, this = com.android.launcher2.Workspace{a4b3b34 V.EDH... ......ID 0,0-720,1280 #7f0e003a app:id/workspace}
I/CellLayout(26983): onMeasure   widthSpecSize:720 heightSpecSize: 890
I/CellLayout(26983): getDesktopColumns: 5
I/CellLayout(26983): onLayout  isHidefalse
I/CellLayout(26983): getDesktopColumns heightGap: 0
I/CellLayout(26983): onMeasure   newWidth:720 newHeight: 1002
D/Launcher(26983): PagedView, measure-child 6: child = com.android.launcher2.CellLayout{39d9fef9 V.ED..CL ......ID 4320,64-5040,1066}, childWidthMode = -2147483648, childHeightMode = -2147483648, this = com.android.launcher2.Workspace{a4b3b34 V.EDH... ......ID 0,0-720,1280 #7f0e003a app:id/workspace}
D/Launcher(26983): PagedView, getChildWidth: index = 0, child = com.android.launcher2.CellLayout{c4a3d5d V.ED..CL ......ID 0,64-720,1066}, measured width = 720, mMinimumWidth = 0
D/Launcher(26983): PagedView, getRelativeChildOffset 2: index = 0, mPaddingLeft = 0, mPaddingRight = 0, padding = 0, offset = 0, measure width = 720, this = com.android.launcher2.Workspace{a4b3b34 V.EDH... ......ID 0,0-720,1280 #7f0e003a app:id/workspace}
I/PagedView(26983): getChildOffset  offset:4320  mPageSpacing:0
D/Launcher(26983): PagedView, getChildWidth: index = 6, child = com.android.launcher2.CellLayout{39d9fef9 V.ED..CL ......ID 4320,64-5040,1066}, measured width = 720, mMinimumWidth = 0
D/Launcher(26983): PagedView, getRelativeChildOffset 2: index = 6, mPaddingLeft = 0, mPaddingRight = 0, padding = 0, offset = 0, measure width = 720, this = com.android.launcher2.Workspace{a4b3b34 V.EDH... ......ID 0,0-720,1280 #7f0e003a app:id/workspace}
D/Launcher(26983): PagedView, getRelativeChildOffset 1: index = 0, mChildRelativeOffsets[0] = 0, this = com.android.launcher2.Workspace{a4b3b34 V.EDH... ......ID 0,0-720,1280 #7f0e003a app:id/workspace}
D/Launcher(26983): PagedView, getRelativeChildOffset 1: index = 0, mChildRelativeOffsets[0] = 0, this = com.android.launcher2.Workspace{a4b3b34 V.EDH... .......D 0,0-720,1280 #7f0e003a app:id/workspace}
I/PagedView(26983): getChildOffset  offset:0  mPageSpacing:0
D/Launcher(26983): PagedView, dispatchDraw: mScrollX = 4320, screenCenter = 4680, mOverScrollX = 4320, pageCount = 7, mLeft = 0, mRight = 720, this = com.android.launcher2.Workspace{a4b3b34 V.EDH... ........ 0,0-720,1280 #7f0e003a app:id/workspace}
I/UimAccountType(23232): addDataKindPhone
D/AccountTypeManager(23232): Registering 1 extension packages
I/PagedView(26983): drawScreen  out  currentDegree:0.0  scrollX:4320  width:720  screen:6  mScrollX:4320
D/Launcher(26983): Launcher, bindPackagesUpdated.
D/PhoneApp( 3872): getPhone phoneId:1
I/AccountTypeManager(23232): loadAccountsInBackground slotid:1 AccountType:com.android.sim simName:SIM2
I/Contacts/AWDSE(23232): AccountWithDataSetEx - name:SIM2type:com.android.sim slot:-1
I/Contacts/AWDSE(23232): AccountWithDataSetEx - name:SIM2type:com.android.sim slot:-1
V/EnjoyLog_SimCardUtils(23232): [isSimUsimType]iTel == null
D/PhoneApp( 3872): getPhone phoneId:0
I/AccountTypeManager(23232): loadAccountsInBackground slotid:0 AccountType:com.android.sim simName:SIM1
I/Contacts/AWDSE(23232): AccountWithDataSetEx - name:SIM1type:com.android.sim slot:-1
I/Contacts/AWDSE(23232): AccountWithDataSetEx - name:SIM1type:com.android.sim slot:-1
V/EnjoyLog_SimCardUtils(23232): [isSimUsimType]iTel == null
I/AccountTypeManager(23232): it is phone
I/AccountTypeManager(23232): Loaded meta-data for 8 account types, 6 accounts in 204ms(wall) 17ms(cpu)
I/AccountTypeManager(23232): loadAccountsInBackground()-
I/AccountTypeManager(23232): loadAccountsInBackground()+
I/AccountTypeManager(23232): the AuthenticatorDescription [] auths = [Landroid.accounts.AuthenticatorDescription;@3a2d6e50
I/AccountTypeManager(23232): the   type is com.android.exchange the auth is = AuthenticatorDescription {type=com.android.exchange}
I/AccountTypeManager(23232): the AuthenticatorDescription [] auths = [Landroid.accounts.AuthenticatorDescription;@3a2d6e50
I/AccountTypeManager(23232): the   type is com.zing.zalo the auth is = AuthenticatorDescription {type=com.zing.zalo}
D/AccountTypeManager(23232): Registering external account type=com.zing.zalo, packageName=com.zing.zalo
D/Launcher(26983): AppsCustomizePagedView, updatePackages: widgets size = 34
W/ResourceType(23232): For resource 0x7f0205b6, entry index(1462) is beyond type entryCount(592)
W/ResourceType(23232): Failure getting entry for 0x7f0205b6 (t=1 e=1462) (error -75)
W/ResourceType(23232): For resource 0x7f0205b7, entry index(1463) is beyond type entryCount(592)
W/ResourceType(23232): Failure getting entry for 0x7f0205b7 (t=1 e=1463) (error -75)
W/ResourceType(23232): For resource 0x7f0205b8, entry index(1464) is beyond type entryCount(592)
W/ResourceType(23232): Failure getting entry for 0x7f0205b8 (t=1 e=1464) (error -75)
I/AccountTypeManager(23232): the AuthenticatorDescription [] auths = [Landroid.accounts.AuthenticatorDescription;@3a2d6e50
I/AccountTypeManager(23232): the   type is com.google.android.gm.exchange the auth is = AuthenticatorDescription {type=com.google.android.gm.exchange}
D/AccountTypeManager(23232): Registering external account type=com.google.android.gm.exchange, packageName=com.google.android.gm
I/AccountTypeManager(23232): the AuthenticatorDescription [] auths = [Landroid.accounts.AuthenticatorDescription;@3a2d6e50
I/AccountTypeManager(23232): the   type is com.android.localphone the auth is = AuthenticatorDescription {type=com.android.localphone}
D/AccountTypeManager(23232): Registering external account type=com.android.localphone, packageName=com.qualcomm.simcontacts
I/art     (  829): Explicit concurrent mark sweep GC freed 69505(5MB) AllocSpace objects, 9(1288KB) LOS objects, 20% free, 24MB/31MB, paused 5.145ms total 290.464ms
I/art     (  829): WaitForGcToComplete blocked for 214.695ms for cause Explicit
D/GestureManagerService( 4526): echo 0 to /sys/class/gesture/gesture_ft5x06/enable
W/GestureManagerService( 4526): failed to set node: java.io.FileNotFoundException: /sys/class/gesture/gesture_ft5x06/enable: open failed: ENOENT (No such file or directory)
D/BackupManagerService(  829): Received broadcast Intent { act=android.intent.action.PACKAGE_REMOVED dat=package:com.app911interpreters flg=0x4000010 (has extras) }
D/JobSchedulerService(  829): Receieved: android.intent.action.PACKAGE_REMOVED
D/NetdConnector(  829): SND -> {5279 network permission user clear 10491}
I/AccountTypeManager(23232): the AuthenticatorDescription [] auths = [Landroid.accounts.AuthenticatorDescription;@3a2d6e50
I/AccountTypeManager(23232): the   type is com.google the auth is = AuthenticatorDescription {type=com.google}
W/ContextImpl(23373): Calling a method in the system process without a qualified user: android.app.ContextImpl.startService:1702 android.content.ContextWrapper.startService:515 android.content.ContextWrapper.startService:515 com.android.keychain.KeyChainBroadcastReceiver.onReceive:12 android.app.ActivityThread.handleReceiver:2591 
I/AccountTypeManager(23232): the AuthenticatorDescription [] auths = [Landroid.accounts.AuthenticatorDescription;@3a2d6e50
I/AccountTypeManager(23232): the   type is com.android.sim the auth is = AuthenticatorDescription {type=com.android.sim}
D/AccountTypeManager(23232): Registering external account type=com.android.sim, packageName=com.qualcomm.simcontacts
W/SimAccountType(23232): addDataKindPhone
I/ContactPluginExtensionContainer(23232): return ContactAccountExtension com.mediatek.contacts.extension.ContactAccountExtensionContainer@2d1e2169
I/ContactAccountExtensionContainer(23232): [hidePhoneLabel()]
I/ContactPluginExtensionContainer(23232): return ContactAccountExtension com.mediatek.contacts.extension.ContactAccountExtensionContainer@2d1e2169
I/ContactAccountExtensionContainer(23232): [isFeatureEnabled()]
D/UsimAccountType(23232): call addDataKindPhone()
I/ContactPluginExtensionContainer(23232): return ContactAccountExtension com.mediatek.contacts.extension.ContactAccountExtensionContainer@2d1e2169
I/ContactAccountExtensionContainer(23232): [isFeatureEnabled()]
I/ContactPluginExtensionContainer(23232): return ContactAccountExtension com.mediatek.contacts.extension.ContactAccountExtensionContainer@2d1e2169
I/ContactAccountExtensionContainer(23232): [isFeatureEnabled()]
I/ContactPluginExtensionContainer(23232): return ContactAccountExtension com.mediatek.contacts.extension.ContactAccountExtensionContainer@2d1e2169
I/ContactAccountExtensionContainer(23232): [needNewDataKind()]
I/ContactPluginExtensionContainer(23232): return ContactAccountExtension com.mediatek.contacts.extension.ContactAccountExtensionContainer@2d1e2169
I/ContactAccountExtensionContainer(23232): [needNewDataKind()]
I/ContactPluginExtensionContainer(23232): return ContactAccountExtension com.mediatek.contacts.extension.ContactAccountExtensionContainer@2d1e2169
I/ContactAccountExtensionContainer(23232): [needNewDataKind()]
I/UimAccountType(23232): addDataKindPhone
D/AccountTypeManager(23232): Registering 1 extension packages
D/PhoneApp( 3872): getPhone phoneId:1
I/AccountTypeManager(23232): loadAccountsInBackground slotid:1 AccountType:com.android.sim simName:SIM2
I/Contacts/AWDSE(23232): AccountWithDataSetEx - name:SIM2type:com.android.sim slot:-1
I/Contacts/AWDSE(23232): AccountWithDataSetEx - name:SIM2type:com.android.sim slot:-1
E/PackageActionReceiver( 4460): ACTION_PACKAGE_REMOVED
V/EnjoyLog_SimCardUtils(23232): [isSimUsimType]iTel == null
D/PhoneApp( 3872): getPhone phoneId:0
I/AccountTypeManager(23232): loadAccountsInBackground slotid:0 AccountType:com.android.sim simName:SIM1
I/Contacts/AWDSE(23232): AccountWithDataSetEx - name:SIM1type:com.android.sim slot:-1
I/Contacts/AWDSE(23232): AccountWithDataSetEx - name:SIM1type:com.android.sim slot:-1
V/EnjoyLog_SimCardUtils(23232): [isSimUsimType]iTel == null
I/AccountTypeManager(23232): it is phone
I/AccountTypeManager(23232): Loaded meta-data for 8 account types, 6 accounts in 138ms(wall) 13ms(cpu)
I/AccountTypeManager(23232): loadAccountsInBackground()-
I/AlarmManager/AlarmPowerSavingMode(  829): newPolicy for com.app911interpreters policy is 0
I/AlarmManager/AlarmPowerSavingMode(  829): ACTION_PACKAGE_ADDED com.app911interpreters
I/art     (  829): Explicit concurrent mark sweep GC freed 6527(461KB) AllocSpace objects, 0(0B) LOS objects, 19% free, 24MB/31MB, paused 5.424ms total 284.498ms
I/art     (  829): WaitForGcToComplete blocked for 493.513ms for cause Background
I/art     (  829): Background sticky concurrent mark sweep GC freed 585(35KB) AllocSpace objects, 0(0B) LOS objects, 20% free, 24MB/31MB, paused 3.718ms total 101.378ms
D/BackupManagerService(  829): Received broadcast Intent { act=android.intent.action.PACKAGE_ADDED dat=package:com.app911interpreters flg=0x4000010 (has extras) }
I/art     (  829): Background partial concurrent mark sweep GC freed 1879(105KB) AllocSpace objects, 0(0B) LOS objects, 19% free, 24MB/31MB, paused 2.130ms total 322.165ms
E/NetworkScheduler.SR( 5320): Unrecognised action provided: android.intent.action.PACKAGE_REMOVED
D/AndroidRuntime( 1308): Shutting down VM
I/art     (  829): Background partial concurrent mark sweep GC freed 521(44KB) AllocSpace objects, 0(0B) LOS objects, 19% free, 24MB/30MB, paused 2.250ms total 132.422ms
W/BackupManagerService(  829): Removing schedule queue dupe of com.app911interpreters
D/Event   (23409): No subscribers registered for event class com.lenovo.serviceit.diagnose.event.PackageRemoved
D/Event   (23409): No subscribers registered for event class de.greenrobot.event.NoSubscriberEvent
D/Wear_Controller(27421): Received broadcast action=android.intent.action.PACKAGE_REMOVED and uri=com.app911interpreters
D/WorkerThread(30734): Return handler = Handler (android.os.Handler) {1cac54a}
I/keyPushLog(30734): LSF_DEVICE_PUSH:Engine=com.lenovo.lsf.device, start com.lenovo.lsf.device
D/StatusBar.MSimNetworkController( 3911): refreshViews phoneId =0mMSimDataConnected =false
D/StatusBar.MSimNetworkController( 3911): refreshViews mMSimDataActivity =0
D/StatusBar.MSimNetworkController( 3911): refreshViews: Data not connected!! Set no data type icon / Roaming for phoneId: 0
D/StatusBar.MSimNetworkController( 3911): refreshViews connected={ wifi } level=5 mMSimcombinedSignalIconId=0x7f0201d8/com.android.systemui:drawable/stat_lenovo_wifi_signal_4_fully mMSimcombinedActivityIconId=0x7f020475 mAirplaneMode=false mMSimDataActivity=0 mMSimPhoneSignalIconId=0x7f0202f5/com.android.systemui:drawable/stat_sys_signal5_5 mMSimDataDirectionIconId=0x0 mMSimDataSignalIconId=0x7f0202f5 mMSimDataTypeIconId=0x0/(null) mNoMSimIconId=0x0/(null) mMSimMobileActivityIconId=0x0/(null) mWifiIconId=0x7f0201d8 mBluetoothTetherIconId=0x10806a4
D/StatusBar.MSimNetworkController( 3911): refreshSignalCluster, mMSimPhoneSignalIconId[0]=com.android.systemui:drawable/stat_sys_signal5_5 mMSimDataSignalIconId[0]=com.android.systemui:drawable/stat_sys_signal5_5 mMSimDataTypeIconId[0]=(null) mMSimMobileActivityIconId[0]=(null) mNoMSimIconId[0]=(null)
D/StatusBar.MSimNetworkController( 3911): refreshSignalCluster, mMSimPhoneSignalIconId[0]=com.android.systemui:drawable/stat_sys_signal5_5 mMSimDataSignalIconId[0]=com.android.systemui:drawable/stat_sys_signal5_5 mMSimDataTypeIconId[0]=(null) mMSimMobileActivityIconId[0]=(null) mNoMSimIconId[0]=(null)
D/StatusBar.MSimNetworkController( 3911): refreshSignalCluster, mMSimPhoneSignalIconId[0]=com.android.systemui:drawable/stat_sys_signal5_5 mMSimDataSignalIconId[0]=com.android.systemui:drawable/stat_sys_signal5_5 mMSimDataTypeIconId[0]=(null) mMSimMobileActivityIconId[0]=(null) mNoMSimIconId[0]=(null)
I/SurfaceFlinger(  246): FPS: 6
D/StatusBar.MSimNetworkController( 3911): refreshSignalCluster, mMSimPhoneSignalIconId[0]=com.android.systemui:drawable/stat_sys_signal5_5 mMSimDataSignalIconId[0]=com.android.systemui:drawable/stat_sys_signal5_5 mMSimDataTypeIconId[0]=(null) mMSimMobileActivityIconId[0]=(null) mNoMSimIconId[0]=(null)
D/StatusBar.MSimNetworkController( 3911): refreshSignalCluster, mMSimPhoneSignalIconId[0]=com.android.systemui:drawable/stat_sys_signal5_5 mMSimDataSignalIconId[0]=com.android.systemui:drawable/stat_sys_signal5_5 mMSimDataTypeIconId[0]=(null) mMSimMobileActivityIconId[0]=(null) mNoMSimIconId[0]=(null)
D/StatusBar.MSimNetworkController( 3911): refreshSignalCluster, mMSimPhoneSignalIconId[0]=com.android.systemui:drawable/stat_sys_signal5_5 mMSimDataSignalIconId[0]=com.android.systemui:drawable/stat_sys_signal5_5 mMSimDataTypeIconId[0]=(null) mMSimMobileActivityIconId[0]=(null) mNoMSimIconId[0]=(null)
D/StatusBar.MSimNetworkController( 3911): refreshSignalCluster, mMSimPhoneSignalIconId[0]=com.android.systemui:drawable/stat_sys_signal5_5 mMSimDataSignalIconId[0]=com.android.systemui:drawable/stat_sys_signal5_5 mMSimDataTypeIconId[0]=(null) mMSimMobileActivityIconId[0]=(null) mNoMSimIconId[0]=(null)
D/StatusBar.MSimNetworkController( 3911): refreshSignalCluster, mMSimPhoneSignalIconId[0]=com.android.systemui:drawable/stat_sys_signal5_5 mMSimDataSignalIconId[0]=com.android.systemui:drawable/stat_sys_signal5_5 mMSimDataTypeIconId[0]=(null) mMSimMobileActivityIconId[0]=(null) mNoMSimIconId[0]=(null)
V/AAAAA-AlarmManager(22743): com.android.vending
I/AlarmManager/AlarmPowerSavingMode(  829): This com.android.vending is system app return trust.
I/AlarmManager/AlarmPowerSavingMode(  829): com.android.vending in whitelist or system app not forece batched
I/AlarmManager/AlarmPowerSavingMode(  829): HEURISTIC : maxElapsed=836958780
V/AlarmManager(  829): set(PendingIntent{2cc1ef89: PendingIntentRecord{3284eb8e com.android.vending startService}}) : type=0 triggerAtTime=1507868692087 win=-1 tElapsed=836947543 maxElapsed=836958780 interval=0 standalone=false intent=Intent { cmp=com.android.vending/com.google.android.finsky.services.ContentSyncService }
E/PackageActionReceiver(23232): ACTION_PACKAGE_ADDED
D/Launcher(26983): AppsCustomizePagedView, updatePageCounts end: mNumWidgetPages = 8, mNumAppsPages = 2147483647, mApps.size() = 50, mCellCountX = 0, mCellCountY = 0, this = com.android.launcher2.AppsCustomizePagedView{2d3ca6d2 V.E..... ......I. 0,0-0,0 #7f0e000f app:id/apps_customize_pane_content}
E/PackageActionReceiver(20300): ACTION_PACKAGE_ADDED
D/Launcher.Model(26983): onReceive intent=Intent { act=android.search.action.SEARCHABLES_CHANGED flg=0x24000010 }
I/PackageManager(  829): mcs_unbind
I/PackageManager(  829): calling disconnectService()
D/GestureManagerService( 4526): echo 0 to /sys/class/gesture/gesture_ft5x06/enable
W/GestureManagerService( 4526): failed to set node: java.io.FileNotFoundException: /sys/class/gesture/gesture_ft5x06/enable: open failed: ENOENT (No such file or directory)
E/PackageActionReceiver( 4460): ACTION_PACKAGE_ADDED
D/Launcher.Model(26983): onReceive intent=Intent { act=android.search.action.SEARCHABLES_CHANGED flg=0x24000010 }
D/WorkerThread(30734): Return handler = Handler (android.os.Handler) {1cac54a}
I/keyPushLog(30734): LSF_DEVICE_PUSH:Engine=com.lenovo.lsf.device, start com.lenovo.lsf.device
D/Wear_Controller(27421): Received broadcast action=android.intent.action.PACKAGE_ADDED and uri=com.app911interpreters
V/AAAAA-AlarmManager(22743): com.android.vending
I/AlarmManager/AlarmPowerSavingMode(  829): This com.android.vending is system app return trust.
I/AlarmManager/AlarmPowerSavingMode(  829): com.android.vending in whitelist or system app not forece batched
I/AlarmManager/AlarmPowerSavingMode(  829): HEURISTIC : maxElapsed=836959098
V/AlarmManager(  829): set(PendingIntent{105319bb: PendingIntentRecord{3284eb8e com.android.vending startService}}) : type=0 triggerAtTime=1507868692434 win=-1 tElapsed=836947889 maxElapsed=836959098 interval=0 standalone=false intent=Intent { cmp=com.android.vending/com.google.android.finsky.services.ContentSyncService }
W/WearSignatureVerifier(22743): No package com.google.android.wearable.app.cn
W/WearSignatureVerifier(22743): No package com.google.android.wearable.app.cn
W/WearSignatureVerifier(22743): No package com.google.android.wearable.app.cn
W/WearSignatureVerifier(22743): No package com.google.android.wearable.app.cn
I/Finsky  (22743): [1] com.google.android.finsky.externalreferrer.d.run(9): Package state data is missing for com.app911interpreters
D/GestureManagerService( 4526): echo 0 to /sys/class/gesture/gesture_ft5x06/enable
W/GestureManagerService( 4526): failed to set node: java.io.FileNotFoundException: /sys/class/gesture/gesture_ft5x06/enable: open failed: ENOENT (No such file or directory)
I/Icing   (27421): IndexChimeraService.getServiceInterface callingPackage=com.google.android.gms componentName=AppsCorpus serviceId=36
I/Icing   (27421): IndexChimeraService.getServiceInterface callingPackage=com.google.android.gms componentName=AppsCorpus serviceId=32
I/WearableService( 5320): Wearable Services not starting - Wear is not available on this device.
D/WearableService( 5320): onGetService - Wear is not available on this device.
W/WearSignatureVerifier(22743): No package com.google.android.wearable.app.cn
E/Finsky  (22743): [1] com.google.android.finsky.wear.bl.a(3): onConnectionFailed: ConnectionResult{statusCode=API_UNAVAILABLE, resolution=null, message=null}
W/Finsky  (22743): [1] com.google.android.finsky.wear.aj.run(9): Dropping command=auto_install due to Gms not connected
D/FA-SVC  (27421): Got package replaced intent: com.app911interpreters
D/AndroidRuntime( 1379): 
D/AndroidRuntime( 1379): >>>>>> AndroidRuntime START com.android.internal.os.RuntimeInit <<<<<<
D/AndroidRuntime( 1379): CheckJNI is OFF
I/Icing   (27421): Usage reports 0 indexed 0 rejected 0 imm upload false
I/Icing   (27421): Usage reports 0 indexed 0 rejected 0 imm upload false
I/Icing   (27421): IndexChimeraService.getServiceInterface callingPackage=com.google.android.gms componentName=AppsCorpus serviceId=32
I/Icing   (27421): IndexChimeraService.getServiceInterface callingPackage=com.google.android.gms componentName=AppsCorpus serviceId=36
I/Icing   (27421): Usage reports 0 indexed 0 rejected 0 imm upload false
D/AndroidRuntime( 1379): Calling main entry com.android.commands.am.Am
V/ActivityManager(  829): notify app switch for new activity com.app911interpreters Where 0
I/ActivityManager(  829): START u0 {flg=0x10000000 cmp=com.app911interpreters/.MainActivity} from uid 2000 on display 0
D/ActivityManager(  829): notifyAppSwitch resumed: true; pkg:com.app911interpreters
D/AndroidRuntime( 1379): Shutting down VM
D/Launcher(26983): Launcher, (Launcher)onPause: this = com.android.launcher2.Launcher@58c985a
D/Launcher(26983): Launcher.DragController, cancelDrag: mDragging = false, mLastDropTarget = null
D/Launcher(26983): Launcher.DragController, endDrag: mDragging = false, mDragObject = com.android.launcher2.DropTarget$DragObject@8aff50d
D/StatusBar.MSimNetworkController( 3911): refreshViews phoneId =0mMSimDataConnected =false
D/StatusBar.MSimNetworkController( 3911): refreshViews mMSimDataActivity =0
I/Icing   (27421): Usage reports 0 indexed 0 rejected 0 imm upload false
D/StatusBar.MSimNetworkController( 3911): refreshViews: Data not connected!! Set no data type icon / Roaming for phoneId: 0
D/StatusBar.MSimNetworkController( 3911): refreshViews connected={ wifi } level=5 mMSimcombinedSignalIconId=0x7f0201d8/com.android.systemui:drawable/stat_lenovo_wifi_signal_4_fully mMSimcombinedActivityIconId=0x0 mAirplaneMode=false mMSimDataActivity=0 mMSimPhoneSignalIconId=0x7f0202f5/com.android.systemui:drawable/stat_sys_signal5_5 mMSimDataDirectionIconId=0x0 mMSimDataSignalIconId=0x7f0202f5 mMSimDataTypeIconId=0x0/(null) mNoMSimIconId=0x0/(null) mMSimMobileActivityIconId=0x0/(null) mWifiIconId=0x7f0201d8 mBluetoothTetherIconId=0x10806a4
D/StatusBar.MSimNetworkController( 3911): refreshSignalCluster, mMSimPhoneSignalIconId[0]=com.android.systemui:drawable/stat_sys_signal5_5 mMSimDataSignalIconId[0]=com.android.systemui:drawable/stat_sys_signal5_5 mMSimDataTypeIconId[0]=(null) mMSimMobileActivityIconId[0]=(null) mNoMSimIconId[0]=(null)
D/StatusBar.MSimNetworkController( 3911): refreshSignalCluster, mMSimPhoneSignalIconId[0]=com.android.systemui:drawable/stat_sys_signal5_5 mMSimDataSignalIconId[0]=com.android.systemui:drawable/stat_sys_signal5_5 mMSimDataTypeIconId[0]=(null) mMSimMobileActivityIconId[0]=(null) mNoMSimIconId[0]=(null)
D/StatusBar.MSimNetworkController( 3911): refreshSignalCluster, mMSimPhoneSignalIconId[0]=com.android.systemui:drawable/stat_sys_signal5_5 mMSimDataSignalIconId[0]=com.android.systemui:drawable/stat_sys_signal5_5 mMSimDataTypeIconId[0]=(null) mMSimMobileActivityIconId[0]=(null) mNoMSimIconId[0]=(null)
D/StatusBar.MSimNetworkController( 3911): refreshSignalCluster, mMSimPhoneSignalIconId[0]=com.android.systemui:drawable/stat_sys_signal5_5 mMSimDataSignalIconId[0]=com.android.systemui:drawable/stat_sys_signal5_5 mMSimDataTypeIconId[0]=(null) mMSimMobileActivityIconId[0]=(null) mNoMSimIconId[0]=(null)
D/StatusBar.MSimNetworkController( 3911): refreshSignalCluster, mMSimPhoneSignalIconId[0]=com.android.systemui:drawable/stat_sys_signal5_5 mMSimDataSignalIconId[0]=com.android.systemui:drawable/stat_sys_signal5_5 mMSimDataTypeIconId[0]=(null) mMSimMobileActivityIconId[0]=(null) mNoMSimIconId[0]=(null)
D/StatusBar.MSimNetworkController( 3911): refreshSignalCluster, mMSimPhoneSignalIconId[0]=com.android.systemui:drawable/stat_sys_signal5_5 mMSimDataSignalIconId[0]=com.android.systemui:drawable/stat_sys_signal5_5 mMSimDataTypeIconId[0]=(null) mMSimMobileActivityIconId[0]=(null) mNoMSimIconId[0]=(null)
D/StatusBar.MSimNetworkController( 3911): refreshSignalCluster, mMSimPhoneSignalIconId[0]=com.android.systemui:drawable/stat_sys_signal5_5 mMSimDataSignalIconId[0]=com.android.systemui:drawable/stat_sys_signal5_5 mMSimDataTypeIconId[0]=(null) mMSimMobileActivityIconId[0]=(null) mNoMSimIconId[0]=(null)
I/SurfaceFlinger(  246): FPS: 3
D/StatusBar.MSimNetworkController( 3911): refreshSignalCluster, mMSimPhoneSignalIconId[0]=com.android.systemui:drawable/stat_sys_signal5_5 mMSimDataSignalIconId[0]=com.android.systemui:drawable/stat_sys_signal5_5 mMSimDataTypeIconId[0]=(null) mMSimMobileActivityIconId[0]=(null) mNoMSimIconId[0]=(null)
V/PhoneWindow(  829): updateColorViewInt()if drawable=null color=-9079435
I/art     ( 1422): Late-enabling -Xcheck:jni
I/ActivityManager(  829): Start proc com.app911interpreters for activity com.app911interpreters/.MainActivity: pid=1422 uid=10491 gids={50491, 9997, 3003, 1028, 1015} abi=armeabi-v7a
I/art     ( 5320): Explicit concurrent mark sweep GC freed 96315(4MB) AllocSpace objects, 6(279KB) LOS objects, 27% free, 15MB/21MB, paused 1.814ms total 402.072ms
V/AAAAA-AlarmManager( 5320): com.google.android.gms
I/AlarmManager/AlarmPowerSavingMode(  829): This com.google.android.gms is system app return trust.
I/AlarmManager/AlarmPowerSavingMode(  829): com.google.android.gms in whitelist or system app not forece batched
I/AlarmManager/AlarmPowerSavingMode(  829): HEURISTIC : maxElapsed=839511019
V/AlarmManager(  829): set(PendingIntent{3b125a52: PendingIntentRecord{3e08c7b4 com.google.android.gms broadcastIntent}}) : type=2 triggerAtTime=838406420 win=-1 tElapsed=838406420 maxElapsed=839511019 interval=0 standalone=false intent=Intent { act=com.google.android.gms.gcm.ACTION_CHECK_QUEUE cmp=com.google.android.gms/.gcm.nts.SchedulerInternalReceiver }
D/FirebaseApp( 1422): com.google.firebase.auth.FirebaseAuth is not linked. Skipping initialization.
D/FirebaseApp( 1422): com.google.firebase.crash.FirebaseCrash is not linked. Skipping initialization.
I/FA      ( 1422): App measurement is starting up, version: 11020
I/FA      ( 1422): To enable debug logging run: adb shell setprop log.tag.FA VERBOSE
V/FA      ( 1422): Collection enabled
V/FA      ( 1422): App package, google app id: com.app911interpreters, 1:740148806729:android:c0694ac93f91fe92
I/FA      ( 1422): To enable faster debug mode event logging run:
I/FA      ( 1422):   adb shell setprop debug.firebase.analytics.app com.app911interpreters
D/FA      ( 1422): Debug-level message logging enabled
V/FA      ( 1422): Registered activity lifecycle callback
I/FirebaseInitProvider( 1422): FirebaseApp initialization successful
V/fb-UnpackingSoSource( 1422): locked dso store /data/data/com.app911interpreters/lib-main
V/fb-UnpackingSoSource( 1422): deps mismatch on deps store: regenerating
V/fb-UnpackingSoSource( 1422): so store dirty: regenerating
V/FA      ( 1422): Using measurement service
V/FA      ( 1422): Connecting to remote service
V/FA      ( 1422): Using measurement service
V/FA      ( 1422): Connection attempt already in progress
D/ApkSoSource( 1422): not allowing consideration of lib/armeabi-v7a/libfb.so: deferring to libdir
D/ApkSoSource( 1422): not allowing consideration of lib/armeabi-v7a/libfolly_json.so: deferring to libdir
D/ApkSoSource( 1422): not allowing consideration of lib/armeabi-v7a/libglog.so: deferring to libdir
D/ApkSoSource( 1422): not allowing consideration of lib/armeabi-v7a/libglog_init.so: deferring to libdir
D/ApkSoSource( 1422): not allowing consideration of lib/armeabi-v7a/libgnustl_shared.so: deferring to libdir
D/ApkSoSource( 1422): not allowing consideration of lib/armeabi-v7a/libicu_common.so: deferring to libdir
D/ApkSoSource( 1422): not allowing consideration of lib/armeabi-v7a/libimagepipeline.so: deferring to libdir
D/ApkSoSource( 1422): not allowing consideration of lib/armeabi-v7a/libjsc.so: deferring to libdir
D/ApkSoSource( 1422): not allowing consideration of lib/armeabi-v7a/libreactnativejni.so: deferring to libdir
D/ApkSoSource( 1422): not allowing consideration of lib/armeabi-v7a/libyoga.so: deferring to libdir
V/fb-UnpackingSoSource( 1422): regenerating DSO store com.facebook.soloader.ApkSoSource
V/fb-UnpackingSoSource( 1422): starting syncer worker
V/fb-UnpackingSoSource( 1422): releasing dso store lock for /data/data/com.app911interpreters/lib-main (from syncer thread)
V/fb-UnpackingSoSource( 1422): not releasing dso store lock for /data/data/com.app911interpreters/lib-main (syncer thread started)
V/FA      ( 1422): onActivityCreated
D/ReactNative( 1422): ReactInstanceManager.ctor()
D/Sensors (  829): batch called handle:3 sample_ns:66667000 latency_ns:0
D/Sensors (  829): activate called handle:3 enable:1
D/Sensors (  829): kxtj9-accel calling driver setDelay 66 ms
D/Sensors (  829): kxtj9-accel calling driver enable
D/ReactNative( 1422): ReactInstanceManager.createReactContextInBackground()
D/ReactNative( 1422): ReactInstanceManager.recreateReactContextInBackgroundInner()
W/unknown:ReactNative( 1422): Packager connection already open, nooping.
V/FA      ( 1422): Using measurement service
V/FA      ( 1422): Connection attempt already in progress
V/FA      ( 1422): Activity resumed, time: 836933972
I/FA      ( 1422): Tag Manager is not found and thus will not be used
D/FA      ( 1422): Logging event (FE): screen_view(_vs), Bundle[{firebase_event_origin(_o)=auto, firebase_screen_class(_sc)=MainActivity, firebase_screen_id(_si)=-6985218063055766745}]
W/unknown:InspectorPackagerConnection( 1422): Couldn't connect to packager, will silently retry
D/wpa_supplicant( 4015): wlan0: Control interface command 'SIGNAL_POLL'
D/OpenGLRenderer( 1422): Render dirty regions requested: true
V/FA      ( 1422): Using measurement service
V/FA      ( 1422): Connection attempt already in progress
D/Atlas   ( 1422): Validating map...
D/ReactNative( 1422): ReactInstanceManager.onReloadWithJSDebugger()
D/ReactNative( 1422): ReactInstanceManager.recreateReactContextInBackground()
D/ReactNative( 1422): ReactInstanceManager.runCreateReactContextOnNewThread()
V/PhoneWindow( 1422): updateColorViewInt()if drawable=null color=-9079435
I/Adreno-EGL( 1422): <qeglDrvAPI_eglInitialize:379>: EGL 1.4 QUALCOMM build: AU_LINUX_ANDROID_LA.BR.1.2.1_RB1.05.00.02.033.013_msm8916_32_LA.BR.1.2.1_RB1__release_AU ()
I/Adreno-EGL( 1422): OpenGL ES Shader Compiler Version: E031.25.03.04
I/Adreno-EGL( 1422): Build Date: 04/22/15 Wed
I/Adreno-EGL( 1422): Local Branch: 
I/Adreno-EGL( 1422): Remote Branch: quic/LA.BR.1.2.1_rb1.14
I/Adreno-EGL( 1422): Local Patches: NONE
I/Adreno-EGL( 1422): Reconstruct Branch: AU_LINUX_ANDROID_LA.BR.1.2.1_RB1.05.00.02.033.013 + fe3456f + b3003f0 + 5175e13 + ea63815 + 8dbff94 + 85ec7ec + 27616ec +  NOTHING
I/OpenGLRenderer( 1422): Initialized EGL, version 1.4
D/OpenGLRenderer( 1422): Enabling debug mode 0
I/art     ( 1422): Thread[24,tid=1459,WaitingForJniOnLoad,Thread*=0xb84447c0,peer=0x12e9bd40,"Thread-15870"] recursive attempt to load library "/data/app/com.app911interpreters-2/lib/arm/libfb.so"
D/ReactNative( 1422): ReactInstanceManager.createReactContext()
I/art     ( 1422): Rejecting re-init on previously-failed class java.lang.Class<com.airbnb.android.react.maps.AirMapView>
I/art     ( 1422): Rejecting re-init on previously-failed class java.lang.Class<com.airbnb.android.react.maps.AirMapView>
I/art     ( 1422): Rejecting re-init on previously-failed class java.lang.Class<com.airbnb.android.react.maps.AirMapView>
I/art     ( 1422): Rejecting re-init on previously-failed class java.lang.Class<com.airbnb.android.react.maps.AirMapView>
I/art     ( 1422): Rejecting re-init on previously-failed class java.lang.Class<com.airbnb.android.react.maps.AirMapView>
I/art     ( 1422): Rejecting re-init on previously-failed class java.lang.Class<com.airbnb.android.react.maps.AirMapView>
I/art     ( 1422): Rejecting re-init on previously-failed class java.lang.Class<com.airbnb.android.react.maps.AirMapView>
I/art     ( 1422): Rejecting re-init on previously-failed class java.lang.Class<com.airbnb.android.react.maps.AirMapView>
I/art     ( 1422): Rejecting re-init on previously-failed class java.lang.Class<com.airbnb.android.react.maps.AirMapView>
I/art     ( 1422): Rejecting re-init on previously-failed class java.lang.Class<com.airbnb.android.react.maps.AirMapView>
I/art     ( 1422): Rejecting re-init on previously-failed class java.lang.Class<com.airbnb.android.react.maps.AirMapView>
I/art     ( 1422): Rejecting re-init on previously-failed class java.lang.Class<com.airbnb.android.react.maps.AirMapView>
I/art     ( 1422): Rejecting re-init on previously-failed class java.lang.Class<com.airbnb.android.react.maps.AirMapView>
I/art     ( 1422): Rejecting re-init on previously-failed class java.lang.Class<com.airbnb.android.react.maps.AirMapView>
I/art     ( 1422): Rejecting re-init on previously-failed class java.lang.Class<com.airbnb.android.react.maps.AirMapView>
I/art     ( 1422): Rejecting re-init on previously-failed class java.lang.Class<com.airbnb.android.react.maps.AirMapView>
I/art     ( 1422): Rejecting re-init on previously-failed class java.lang.Class<com.airbnb.android.react.maps.AirMapView>
I/art     ( 1422): Rejecting re-init on previously-failed class java.lang.Class<com.airbnb.android.react.maps.AirMapView>
I/art     ( 1422): Rejecting re-init on previously-failed class java.lang.Class<com.airbnb.android.react.maps.AirMapView>
I/art     ( 1422): Rejecting re-init on previously-failed class java.lang.Class<com.airbnb.android.react.maps.AirMapView>
I/art     ( 1422): Rejecting re-init on previously-failed class java.lang.Class<com.airbnb.android.react.maps.AirMapView>
I/art     ( 1422): Rejecting re-init on previously-failed class java.lang.Class<com.airbnb.android.react.maps.AirMapView>
I/art     ( 1422): Rejecting re-init on previously-failed class java.lang.Class<com.airbnb.android.react.maps.AirMapView>
I/art     ( 1422): Rejecting re-init on previously-failed class java.lang.Class<com.airbnb.android.react.maps.AirMapView>
I/art     ( 1422): Rejecting re-init on previously-failed class java.lang.Class<com.airbnb.android.react.maps.AirMapView>
I/art     ( 1422): Rejecting re-init on previously-failed class java.lang.Class<com.airbnb.android.react.maps.AirMapView>
I/art     ( 1422): Rejecting re-init on previously-failed class java.lang.Class<com.airbnb.android.react.maps.AirMapView>
